// Jest Snapshot v1, https://goo.gl/fbAQLP

exports[`<TemplateDetails /> tests snapshot test 1`] = `
<div>
  <div
    class="StyledProps--font StyledProps--main container"
    data-template-id="manjutesttemplate"
    style="height: 100%;"
  >
    <div
      class="Layout--vertical StyledProps--main StyledProps--flex StyledProps--flex-align-center-center"
      style="height: 100%;"
    >
      <div
        class="StyledProps--font StyledProps--main"
        style="width: 100%; height: 100%;"
      >
        <div
          class="Layout--vertical StyledProps--main"
          style="height: 100%;"
        >
          <div
            class="Layout--horizontal Layout--layout-spacing-huge StyledProps--main StyledProps--flex StyledProps--flex-alignItems-center StyledProps--padding-top-large StyledProps--padding-left-xxlarge StyledProps--padding-bottom-large StyledProps--padding-right-xxlarge StyledProps--border StyledProps--border-bottom"
          >
            <div
              class="Layout--horizontal Layout--layout-spacing-small StyledProps--main shrink"
            >
              <p
                class="StyledProps--font Text--lineclamp StyledProps--main StyledProps--font-size-medium StyledProps--font-weight-bold StyledProps--color StyledProps--color-grey800"
                style="--text-line-clamp: 2;"
              >
                manju-test-template-qq-12344
              </p>
            </div>
            <button
              class="bp3-button Button--button StyledProps--font StyledProps--main openInStudio Button--with-current-color Button--variation Button--variation-secondary Button--size Button--small"
              type="button"
            >
              <span
                class="bp3-button-text"
              >
                templatesLibrary.openInTemplateStudio
              </span>
            </button>
          </div>
          <div
            class="StyledProps--font StyledProps--main tabsContainer StyledProps--background-form"
          >
            <div
              class="bp3-tabs Tabs--main Tabs--horizontal"
            >
              <div
                class="bp3-tab-list"
                role="tablist"
              >
                <div
                  class="bp3-tab-indicator-wrapper"
                  style="height: 0px; transform: translateX(0px) translateY(0px); width: 0px;"
                >
                  <div
                    class="bp3-tab-indicator"
                  />
                </div>
                <div
                  aria-controls="bp3-tab-panel_template-details-parent_BASIC"
                  aria-disabled="false"
                  aria-expanded="true"
                  aria-selected="true"
                  class="bp3-tab"
                  data-tab-id="BASIC"
                  id="bp3-tab-title_template-details-parent_BASIC"
                  role="tab"
                  tabindex="0"
                >
                  details
                </div>
                <div
                  aria-controls="bp3-tab-panel_template-details-parent_ACTVITYLOG"
                  aria-disabled="false"
                  aria-expanded="false"
                  aria-selected="false"
                  class="bp3-tab"
                  data-tab-id="ACTVITYLOG"
                  id="bp3-tab-title_template-details-parent_ACTVITYLOG"
                  role="tab"
                  tabindex="0"
                >
                  activityLog
                </div>
              </div>
              <div
                aria-hidden="false"
                aria-labelledby="bp3-tab-title_template-details-parent_BASIC"
                class="bp3-tab-panel"
                id="bp3-tab-panel_template-details-parent_BASIC"
                role="tabpanel"
              >
                <div
                  class="Layout--vertical StyledProps--main"
                >
                  <div
                    class="StyledProps--font StyledProps--main"
                  >
                    <div
                      class="Layout--vertical Layout--layout-spacing-large StyledProps--main topContainer StyledProps--padding-top-xlarge StyledProps--padding-right-xxlarge StyledProps--padding-bottom-xlarge StyledProps--padding-left-xxlarge"
                    >
                      <div
                        class="StyledProps--font StyledProps--main"
                      >
                        <div
                          class="Layout--vertical Layout--layout-spacing-small StyledProps--main"
                        >
                          <p
                            class="StyledProps--font StyledProps--main StyledProps--font-weight-semi-bold StyledProps--color StyledProps--color-black"
                          >
                            typeLabel
                          </p>
                          <div
                            class="StyledProps--font StyledProps--main"
                          >
                            <div
                              class="Layout--horizontal Layout--layout-spacing-small StyledProps--main StyledProps--flex StyledProps--flex-alignItems-center StyledProps--flex-justifyContent-flex-start"
                            >
                              <span
                                class="bp3-icon StyledProps--main"
                                data-icon="harness-with-color"
                              >
                                <svg
                                  height="20"
                                  viewBox="0 0 25 25"
                                  width="20"
                                  xmlns="http://www.w3.org/2000/svg"
                                >
                                  <path
                                    d="M22.974 8.186L16.708 1.88a7.023 7.023 0 00-2.59-1.572C11.98-.409 9.858.154 8.135 1.88L1.868 8.186a7.081 7.081 0 00-1.562 2.606c-.713 2.153-.153 4.289 1.562 6.023l6.266 6.306a7.113 7.113 0 002.589 1.58 5.663 5.663 0 001.808.308c1.503 0 2.946-.64 4.177-1.88l6.266-6.305a7.08 7.08 0 001.562-2.606c.713-2.162.153-4.298-1.562-6.032zm-10.07-4.477c.706.213 1.232.7 1.274.735l1.851 1.862-3.608 3.631-3.608-3.63 1.859-1.872c.5-.496 1.197-1.034 2.233-.726zm-9.219 8.305c.212-.71.696-1.24.73-1.282l1.85-1.863 3.609 3.632-3.608 3.63-1.86-1.87c-.492-.504-1.027-1.214-.721-2.247zm8.252 9.279c-.705-.214-1.231-.701-1.273-.735l-1.851-1.863 3.608-3.631 3.608 3.631-1.86 1.871c-.5.496-1.205 1.034-2.232.726zm9.22-8.305c-.212.709-.696 1.239-.73 1.281l-1.851 1.863-3.608-3.631 3.608-3.632 1.86 1.872c.492.504 1.027 1.204.72 2.247z"
                                    fill="currentColor"
                                    fill-rule="evenodd"
                                  />
                                </svg>
                              </span>
                              <p
                                class="StyledProps--font StyledProps--main StyledProps--color StyledProps--color-grey900"
                              >
                                Manual Approval
                              </p>
                            </div>
                          </div>
                        </div>
                      </div>
                      <div
                        class="StyledProps--font StyledProps--main"
                      >
                        <div
                          class="Layout--vertical Layout--layout-spacing-small StyledProps--main"
                        >
                          <p
                            class="StyledProps--font StyledProps--main StyledProps--font-weight-semi-bold StyledProps--color StyledProps--color-black"
                          >
                            description
                          </p>
                          <p
                            class="StyledProps--font StyledProps--main StyledProps--color StyledProps--color-grey900"
                          >
                            Flink is a versatile framework, supporting many different deployment scenarios in a mix and match fashion.
                          </p>
                        </div>
                      </div>
                      <div
                        class="StyledProps--font StyledProps--main"
                      >
                        <div
                          class="Layout--vertical Layout--layout-spacing-small StyledProps--main"
                        >
                          <p
                            class="StyledProps--font StyledProps--main StyledProps--font-weight-semi-bold StyledProps--color StyledProps--color-black"
                          >
                            tagsLabel
                          </p>
                          <div
                            class="StyledProps--font StyledProps--main"
                          >
                            <div
                              class="StyledProps--font StyledProps--main container"
                            >
                              <div
                                class="StyledProps--font StyledProps--main"
                              >
                                <div
                                  class="Layout--horizontal Layout--layout-spacing-xsmall StyledProps--main tagsContainer"
                                >
                                  <span
                                    class="Tag--main"
                                  >
                                    <span
                                      class="bp3-tag tag"
                                      style="max-width: 80px;"
                                    >
                                      <span
                                        class="bp3-text-overflow-ellipsis bp3-fill"
                                      >
                                        QAR
                                      </span>
                                    </span>
                                  </span>
                                  <span
                                    class="Tag--main"
                                  >
                                    <span
                                      class="bp3-tag tag"
                                      style="max-width: 80px;"
                                    >
                                      <span
                                        class="bp3-text-overflow-ellipsis bp3-fill"
                                      >
                                        Internal 1
                                      </span>
                                    </span>
                                  </span>
                                  <span
                                    class="Tag--main"
                                  >
                                    <span
                                      class="bp3-tag tag"
                                      style="max-width: 80px;"
                                    >
                                      <span
                                        class="bp3-text-overflow-ellipsis bp3-fill"
                                      >
                                        Canary 1
                                      </span>
                                    </span>
                                  </span>
                                  <span
                                    class="Tag--main"
                                  >
                                    <span
                                      class="bp3-tag tag"
                                      style="max-width: 80px;"
                                    >
                                      <span
                                        class="bp3-text-overflow-ellipsis bp3-fill"
                                      >
                                        BLUE
                                      </span>
                                    </span>
                                  </span>
                                  <span
                                    class="Tag--main"
                                  >
                                    <span
                                      class="bp3-tag tag"
                                      style="max-width: 80px;"
                                    >
                                      <span
                                        class="bp3-text-overflow-ellipsis bp3-fill"
                                      >
                                        Tag A
                                      </span>
                                    </span>
                                  </span>
                                </div>
                              </div>
                            </div>
                          </div>
                        </div>
                      </div>
                      <div
                        class="StyledProps--font StyledProps--main"
                      >
                        <div
                          class="Layout--vertical Layout--layout-spacing-small StyledProps--main"
                        >
                          <p
                            class="StyledProps--font StyledProps--main StyledProps--font-weight-semi-bold StyledProps--color StyledProps--color-black"
                          >
                            templatesLibrary.createNewModal.versionLabel
                          </p>
                          <div
                            class="bp3-popover-wrapper DropDown--main"
                          >
                            <div
                              class="bp3-popover-target"
                            >
                              <div
                                class=""
                              >
                                <div
                                  class="Layout--horizontal StyledProps--main DropDown--dropdownButton DropDown--withBorder StyledProps--flex"
                                  data-testid="dropdown-button"
                                  style="width: 300px;"
                                >
                                  <div
                                    class="Layout--horizontal StyledProps--main DropDown--labelWrapper StyledProps--flex"
                                  >
                                    <p
                                      class="StyledProps--font Text--lineclamp StyledProps--main DropDown--label"
                                      data-testid="dropdown-value"
                                      style="--text-line-clamp: 1;"
                                    >
                                      templatesLibrary.stableVersion
                                    </p>
                                  </div>
                                  <div
                                    class="Layout--horizontal StyledProps--main DropDown--btnWrapper StyledProps--flex"
                                  >
                                    <span
                                      class="bp3-icon StyledProps--main StyledProps--color StyledProps--color-grey400"
                                      data-icon="main-chevron-down"
                                    >
                                      <svg
                                        height="8"
                                        viewBox="0 0 14 8"
                                        width="8"
                                        xmlns="http://www.w3.org/2000/svg"
                                      >
                                        <path
                                          d="M13 0c-.3 0-.5.1-.7.3L7 5.6 1.7.3C1.5.1 1.3 0 1 0 .4 0 0 .4 0 1c0 .3.1.5.3.7l6 6c.2.2.4.3.7.3s.5-.1.7-.3l6-6c.2-.2.3-.4.3-.7 0-.6-.4-1-1-1z"
                                          fill="#4d5969"
                                        />
                                      </svg>
                                    </span>
                                  </div>
                                </div>
                              </div>
                            </div>
                          </div>
                        </div>
                      </div>
                    </div>
                  </div>
                  <div
                    class="StyledProps--font StyledProps--main innerTabsContainer"
                  >
                    <div
                      class="bp3-tabs Tabs--main Tabs--horizontal"
                    >
                      <div
                        class="bp3-tab-list"
                        role="tablist"
                      >
                        <div
                          class="bp3-tab-indicator-wrapper"
                          style="height: 0px; transform: translateX(0px) translateY(0px); width: 0px;"
                        >
                          <div
                            class="bp3-tab-indicator"
                          />
                        </div>
                        <div
                          aria-controls="bp3-tab-panel_template-details_INPUTS"
                          aria-disabled="false"
                          aria-expanded="false"
                          aria-selected="false"
                          class="bp3-tab"
                          data-tab-id="INPUTS"
                          id="bp3-tab-title_template-details_INPUTS"
                          role="tab"
                          tabindex="0"
                        >
                          templatesLibrary.templateInputs
                        </div>
                        <div
                          aria-controls="bp3-tab-panel_template-details_YAML"
                          aria-disabled="false"
                          aria-expanded="true"
                          aria-selected="true"
                          class="bp3-tab"
                          data-tab-id="YAML"
                          id="bp3-tab-title_template-details_YAML"
                          role="tab"
                          tabindex="0"
                        >
                          yaml
                        </div>
                        <div
                          aria-controls="bp3-tab-panel_template-details_REFERENCEDBY"
                          aria-disabled="true"
                          aria-expanded="false"
                          aria-selected="false"
                          class="bp3-tab"
                          data-tab-id="REFERENCEDBY"
                          id="bp3-tab-title_template-details_REFERENCEDBY"
                          role="tab"
                        >
                          templatesLibrary.referencedBy
                        </div>
                      </div>
                      <div
                        aria-hidden="false"
                        aria-labelledby="bp3-tab-title_template-details_YAML"
                        class="bp3-tab-panel"
                        id="bp3-tab-panel_template-details_YAML"
                        role="tabpanel"
                      >
                        <div
                          class="StyledProps--font StyledProps--main container"
                        >
                          <div
                            class="Layout--vertical Layout--layout-spacing-medium StyledProps--main"
                          >
                            <div
                              class="StyledProps--font StyledProps--main StyledProps--padding-top-large StyledProps--padding-right-xxlarge StyledProps--padding-bottom-large StyledProps--padding-left-xxlarge StyledProps--border StyledProps--border-bottom StyledProps--background-white"
                            >
                              <p
                                class="StyledProps--font StyledProps--main StyledProps--font-size-normal StyledProps--font-weight-bold StyledProps--color StyledProps--color-grey800"
                              >
                                template.yaml
                              </p>
                            </div>
                            <div
                              class="StyledProps--font StyledProps--main"
                              style="flex-grow: 1;"
                            >
                              <textarea>
                                template:
    name: manju-test-template-qq-12344
    identifier: manjutesttemplate
    versionLabel: v4
    type: Step
    projectIdentifier: Templateproject
    orgIdentifier: default
    description: Flink is a versatile framework, supporting many different deployment scenarios in a mix and match fashion.
    tags:
        QAR: ""
        Internal 1: ""
        Canary 1: ""
        BLUE: ""
        Tag A: ""
    spec:
        type: HarnessApproval
        timeout: &lt;+input&gt;
        spec:
            approvalMessage: &lt;+input&gt;
            includePipelineExecutionHistory: true
            approvers:
                userGroups: &lt;+input&gt;
                minimumCount: &lt;+input&gt;
                disallowPipelineExecutor: false
            approverInputs:
                - name: "1"
                  defaultValue: "1"
                - name: ttt
                  defaultValue: ttt
        failureStrategies:
            - onFailure:
                  errors:
                      - Timeout
                  action:
                      type: MarkAsSuccess

                              </textarea>
                            </div>
                          </div>
                        </div>
                      </div>
                    </div>
                  </div>
                </div>
              </div>
            </div>
          </div>
        </div>
      </div>
    </div>
  </div>
  <div
    data-testid="location"
  >
    /
  </div>
</div>
`;
