// Jest Snapshot v1, https://goo.gl/fbAQLP

exports[`test cases for Perspective details Page should be able to render the details page 1`] = `
<div>
  <div
    class="StyledProps--font StyledProps--main previewMainContainer StyledProps--padding-xxlarge StyledProps--background-white"
  >
    <div
      class="Layout--vertical Layout--layout-spacing-xlarge StyledProps--main"
    >
      <div
        class="StyledProps--font StyledProps--main"
      >
        <p
          class="StyledProps--font StyledProps--main StyledProps--font-variation-h4 StyledProps--margin-bottom-medium"
        >
          ce.perspectives.createPerspective.preview.title
        </p>
        <div
          class="Layout--horizontal Layout--layout-spacing-small StyledProps--main"
          style="align-items: center;"
        >
          <p
            class="StyledProps--font StyledProps--main StyledProps--font-small StyledProps--color StyledProps--color-grey400"
          >
            ce.perspectives.createPerspective.preview.groupBy
          </p>
          <span
            class="bp3-popover-wrapper"
          >
            <span
              class="bp3-popover-target"
            >
              <div
                class="StyledProps--font StyledProps--main groupBySelect StyledProps--background-grey100"
              >
                <p
                  class="StyledProps--font StyledProps--main StyledProps--font-small StyledProps--background-grey100"
                  style="display: flex; align-items: center;"
                >
                  Product
                  <span
                    class="bp3-icon bp3-icon-chevron-down StyledProps--main Text--icon StyledProps--padding-left-xsmall"
                    icon="chevron-down"
                  >
                    <svg
                      data-icon="chevron-down"
                      height="16"
                      viewBox="0 0 16 16"
                      width="16"
                    >
                      <desc>
                        chevron-down
                      </desc>
                      <path
                        d="M12 5c-.28 0-.53.11-.71.29L8 8.59l-3.29-3.3a1.003 1.003 0 00-1.42 1.42l4 4c.18.18.43.29.71.29s.53-.11.71-.29l4-4A1.003 1.003 0 0012 5z"
                        fill-rule="evenodd"
                      />
                    </svg>
                  </span>
                </p>
              </div>
            </span>
          </span>
          <span
            style="flex-grow: 1;"
          />
          <div
            class="StyledProps--font StyledProps--main"
          />
          <span
            class="bp3-icon bp3-icon-timeline-bar-chart StyledProps--main StyledProps--color StyledProps--color-grey500"
            icon="timeline-bar-chart"
          >
            <svg
              data-icon="timeline-bar-chart"
              height="18"
              viewBox="0 0 16 16"
              width="18"
            >
              <desc>
                timeline-bar-chart
              </desc>
              <path
                d="M8 12h1c.55 0 1-.45 1-1V2c0-.55-.45-1-1-1H8c-.55 0-1 .45-1 1v9c0 .55.45 1 1 1zm5 0h1c.55 0 1-.45 1-1V5c0-.55-.45-1-1-1h-1c-.55 0-1 .45-1 1v6c0 .55.45 1 1 1zm2 1H2c-.55 0-1 .45-1 1s.45 1 1 1h13c.55 0 1-.45 1-1s-.45-1-1-1zM3 12h1c.55 0 1-.45 1-1V7c0-.55-.45-1-1-1H3c-.55 0-1 .45-1 1v4c0 .55.45 1 1 1z"
                fill-rule="evenodd"
              />
            </svg>
          </span>
          <span
            class="bp3-icon bp3-icon-timeline-area-chart StyledProps--main StyledProps--color StyledProps--color-primary6"
            icon="timeline-area-chart"
          >
            <svg
              data-icon="timeline-area-chart"
              height="20"
              viewBox="0 0 20 20"
              width="20"
            >
              <desc>
                timeline-area-chart
              </desc>
              <path
                d="M19 16H2V3c0-.55-.45-1-1-1s-1 .45-1 1v14c0 .55.45 1 1 1h18c.55 0 1-.45 1-1s-.45-1-1-1zm0-13.41l-7.07 7.07-4.3-3.44-.01.01A.987.987 0 007 6c-.24 0-.46.1-.63.24l-.01-.01L3 9.03V15h16V2.59z"
                fill-rule="evenodd"
              />
            </svg>
          </span>
        </div>
        <div>
          <article>
            <mock
              options="[object Object]"
            />
          </article>
        </div>
      </div>
      <div
        class="StyledProps--font StyledProps--main"
        style="width: 100%;"
      >
        <p
          class="StyledProps--font StyledProps--main StyledProps--color StyledProps--color-grey900"
        >
          Cost Breakdown
        </p>
      </div>
    </div>
  </div>
</div>
`;
