// Jest Snapshot v1, https://goo.gl/fbAQLP

exports[`test cases for Perspective details Page should be able to render no data page 1`] = `
<div>
  <div
    class="Layout--horizontal StyledProps--main PageHeader--container PageHeader--standard StyledProps--flex StyledProps--padding-left-xlarge StyledProps--padding-right-xlarge StyledProps--background-white"
  >
    <div
      class="Layout--vertical StyledProps--main"
    >
      <div
        class="Layout--horizontal Layout--layout-spacing-medium StyledProps--main perspectiveHeader StyledProps--flex"
        style="align-items: center;"
      >
        <div
          class="StyledProps--font StyledProps--main"
          style="flex-grow: 1;"
        >
          <div
            class="breadcrumbs"
          >
            <div>
              <a
                class="breadcrumb"
                href="/account/undefined/ce/perspectives"
              >
                ce.perspectives.sideNavText
              </a>
              <span
                class="bp3-icon StyledProps--main separator"
                data-icon="main-chevron-right"
              >
                <svg
                  height="11"
                  viewBox="0 0 8 14"
                  width="11"
                  xmlns="http://www.w3.org/2000/svg"
                >
                  <path
                    d="M7.7 6.3l-6-6C1.5.1 1.3 0 1 0 .4 0 0 .4 0 1c0 .3.1.5.3.7L5.6 7 .3 12.3c-.2.2-.3.4-.3.7 0 .6.4 1 1 1 .3 0 .5-.1.7-.3l6-6c.2-.2.3-.4.3-.7s-.1-.5-.3-.7z"
                    fill="#4d5969"
                  />
                </svg>
              </span>
            </div>
            <div>
              <span
                class="lastBreadcrumb"
              />
            </div>
          </div>
          <div
            class="Layout--horizontal Layout--layout-spacing-small StyledProps--main"
          >
            <h2
              class="StyledProps--font StyledProps--font-h2 StyledProps--main StyledProps--color StyledProps--color-grey800"
              level="2"
            />
            <div
              class="StyledProps--font StyledProps--main StyledProps--padding-top-xsmall"
            >
              <div
                class="StyledProps--font StyledProps--main StyledProps--flex"
              >
                <span
                  class="bp3-icon StyledProps--main StyledProps--color StyledProps--color-primary7"
                  data-icon="notification"
                >
                  <svg
                    height="14"
                    viewBox="0 0 16 16"
                    width="14"
                    xmlns="http://www.w3.org/2000/svg"
                  >
                    <path
                      d="M3 12v-.793l.881-.881.721-.721.002-.002-.007-.006A3.968 3.968 0 014 7.5a4 4 0 118 0c0 .77-.22 1.488-.597 2.097l-.007.007.002.001.721.721.881.881V12H3zm5 2a1 1 0 01-1-1h2a1 1 0 01-1 1zm5.854-3.354l-1.236-1.235A4.954 4.954 0 0013 7.5a5.006 5.006 0 00-4.5-4.974V1.5h-1v1.026A5.006 5.006 0 003 7.5c0 .677.136 1.322.382 1.911l-1.236 1.235A.5.5 0 002 11v2h4c0 1.103.897 2 2 2s2-.897 2-2h4v-2a.5.5 0 00-.146-.354z"
                      opacity="0.6"
                    />
                  </svg>
                </span>
                <p
                  class="StyledProps--font StyledProps--main StyledProps--margin-left-xsmall StyledProps--color StyledProps--color-grey500 StyledProps--font-variation-small"
                >
                  ce.perspectives.perspectiveReportsTxt
                </p>
              </div>
            </div>
          </div>
        </div>
        <button
          class="bp3-button bp3-disabled Button--button StyledProps--font StyledProps--main StyledProps--intent-primary Button--with-current-color Button--withLeftIcon"
          disabled=""
          tabindex="-1"
          type="button"
        >
          <span
            class="bp3-icon bp3-icon-edit StyledProps--main StyledProps--padding-right-xsmall"
            icon="edit"
          >
            <svg
              data-icon="edit"
              height="16"
              viewBox="0 0 16 16"
              width="16"
            >
              <desc>
                edit
              </desc>
              <path
                d="M3.25 10.26l2.47 2.47 6.69-6.69-2.46-2.48-6.7 6.7zM.99 14.99l3.86-1.39-2.46-2.44-1.4 3.83zm12.25-14c-.48 0-.92.2-1.24.51l-1.44 1.44 2.47 2.47 1.44-1.44c.32-.32.51-.75.51-1.24.01-.95-.77-1.74-1.74-1.74z"
                fill-rule="evenodd"
              />
            </svg>
          </span>
          <span
            class="bp3-button-text"
          >
            edit
          </span>
        </button>
      </div>
    </div>
  </div>
  <div
    class="StyledProps--font StyledProps--main PageBody--pageBody"
    data-name="page-body"
  >
    <div
      class="StyledProps--font StyledProps--main StyledProps--background-white StyledProps--padding-small StyledProps--border StyledProps--border-bottom"
    >
      <div
        class="StyledProps--font StyledProps--main mainContainer"
      >
        <span
          class="bp3-icon StyledProps--main"
          data-icon="ng-filter"
        >
          <svg
            height="20"
            viewBox="0 0 24 24"
            width="20"
            xmlns="http://www.w3.org/2000/svg"
          >
            <path
              clip-rule="evenodd"
              d="M16.5 8V7H19a.5.5 0 000-1h-2.5V5a.5.5 0 00-1 0v1H5a.5.5 0 000 1h10.5v1a.5.5 0 001 0zM5 11.5h3v-1a.5.5 0 011 0v1h10a.5.5 0 010 1H9v1a.5.5 0 01-1 0v-1H5a.5.5 0 010-1zM5 17a.5.5 0 000 1h7v1a.5.5 0 001 0v-1h6a.5.5 0 000-1h-6v-1a.5.5 0 00-1 0v1H5z"
              fill="currentColor"
              fill-rule="evenodd"
            />
          </svg>
        </span>
        <div
          class="StyledProps--font StyledProps--main"
        >
          <section
            class="filtersContainer"
          >
            <button
              class="bp3-button bp3-minimal Button--button StyledProps--font StyledProps--main StyledProps--intent-primary Button--with-current-color Button--without-shadow"
              type="button"
            >
              <span
                class="bp3-button-text"
              >
                + add filter
              </span>
            </button>
          </section>
        </div>
        <span
          style="flex-grow: 1;"
        />
        <span
          class="bp3-popover-wrapper"
        >
          <span
            class="bp3-popover-target"
          >
            <button
              class="bp3-button bp3-minimal Button--button StyledProps--font StyledProps--main timeRangeButton StyledProps--intent-primary StyledProps--padding-small Button--with-current-color Button--without-shadow Button--withLeftIcon Button--withRightIcon"
              type="button"
            >
              <span
                class="bp3-icon bp3-icon-calendar StyledProps--main StyledProps--padding-right-xsmall"
                icon="calendar"
              >
                <svg
                  data-icon="calendar"
                  height="16"
                  viewBox="0 0 16 16"
                  width="16"
                >
                  <desc>
                    calendar
                  </desc>
                  <path
                    d="M11 3c.6 0 1-.5 1-1V1c0-.6-.4-1-1-1s-1 .4-1 1v1c0 .5.4 1 1 1zm3-2h-1v1c0 1.1-.9 2-2 2s-2-.9-2-2V1H6v1c0 1.1-.9 2-2 2s-2-.9-2-2V1H1c-.6 0-1 .5-1 1v12c0 .6.4 1 1 1h13c.6 0 1-.4 1-1V2c0-.6-.5-1-1-1zM5 13H2v-3h3v3zm0-4H2V6h3v3zm4 4H6v-3h3v3zm0-4H6V6h3v3zm4 4h-3v-3h3v3zm0-4h-3V6h3v3zM4 3c.6 0 1-.5 1-1V1c0-.6-.4-1-1-1S3 .4 3 1v1c0 .5.4 1 1 1z"
                    fill-rule="evenodd"
                  />
                </svg>
              </span>
              <span
                class="bp3-button-text"
              >
                ce.perspectives.timeRangeConstants.last7Days
              </span>
              <span
                class="bp3-icon bp3-icon-caret-down StyledProps--main"
                icon="caret-down"
              >
                <svg
                  data-icon="caret-down"
                  height="16"
                  viewBox="0 0 16 16"
                  width="16"
                >
                  <desc>
                    caret-down
                  </desc>
                  <path
                    d="M12 6.5c0-.28-.22-.5-.5-.5h-7a.495.495 0 00-.37.83l3.5 4c.09.1.22.17.37.17s.28-.07.37-.17l3.5-4c.08-.09.13-.2.13-.33z"
                    fill-rule="evenodd"
                  />
                </svg>
              </span>
            </button>
          </span>
        </span>
        <p
          class="StyledProps--font StyledProps--main StyledProps--color StyledProps--color-primary7"
        >
          |
        </p>
        <span
          class="bp3-popover-wrapper"
        >
          <span
            class="bp3-popover-target"
          >
            <button
              class="bp3-button bp3-minimal Button--button StyledProps--font StyledProps--main timeGranularityButton StyledProps--intent-primary Button--with-current-color Button--without-shadow Button--withRightIcon"
              type="button"
            >
              <span
                class="bp3-button-text"
              >
                ce.perspectives.timeAggregation.daily
              </span>
              <span
                class="bp3-icon bp3-icon-caret-down StyledProps--main"
                icon="caret-down"
              >
                <svg
                  data-icon="caret-down"
                  height="16"
                  viewBox="0 0 16 16"
                  width="16"
                >
                  <desc>
                    caret-down
                  </desc>
                  <path
                    d="M12 6.5c0-.28-.22-.5-.5-.5h-7a.495.495 0 00-.37.83l3.5 4c.09.1.22.17.37.17s.28-.07.37-.17l3.5-4c.08-.09.13-.2.13-.33z"
                    fill-rule="evenodd"
                  />
                </svg>
              </span>
            </button>
          </span>
        </span>
      </div>
    </div>
    <div
      class="Layout--horizontal Layout--layout-spacing-large StyledProps--main StyledProps--margin-xlarge"
    >
      <div
        class="bp3-card bp3-elevation-1 Card--card"
      >
        <div
          class="StyledProps--font StyledProps--main mainCard"
        />
      </div>
      <div
        class="bp3-card bp3-elevation-1 Card--card cardContainer"
      >
        <div
          class="StyledProps--font StyledProps--main budgetCard"
        >
          <p
            class="StyledProps--font StyledProps--main StyledProps--color StyledProps--color-grey800 StyledProps--font-small"
          >
            ce.perspectives.budgets.title
          </p>
          <p
            class="StyledProps--font StyledProps--main StyledProps--margin-top-small StyledProps--margin-bottom-small StyledProps--color StyledProps--color-black StyledProps--font-weight-semi-bold StyledProps--font-size-medium"
          >
            $---
          </p>
          <p
            class="StyledProps--font StyledProps--main addBudgetText StyledProps--color StyledProps--color-primary7 StyledProps--font-small"
          >
            ce.perspectives.budgets.addBudget
          </p>
        </div>
      </div>
    </div>
    <div
      class="StyledProps--font StyledProps--main chartGridContainer emptyContainer StyledProps--margin-xlarge StyledProps--background-white"
    >
      <div
        class="StyledProps--font StyledProps--main StyledProps--padding-small"
      >
        <div
          class="StyledProps--font StyledProps--main groupByContainer StyledProps--background-white StyledProps--padding-small"
        >
          <section
            class="groupByContainer"
          >
            <label
              class="groupByLabel"
            >
               
              ce.perspectives.createPerspective.preview.groupBy
            </label>
            <div
              class="groupBys"
            >
              <span
                class="bp3-popover-wrapper"
              >
                <span
                  class="bp3-popover-target"
                >
                  <div
                    class="groupByItems"
                  >
                    Cluster
                  </div>
                </span>
              </span>
              <div
                class="groupByItems"
              >
                Region
              </div>
              <div
                class="groupByItems activeItem"
              >
                Product
              </div>
              <span
                class="bp3-popover-wrapper"
              >
                <span
                  class="bp3-popover-target"
                >
                  <div
                    class="groupByItems"
                  >
                    Label
                  </div>
                </span>
              </span>
            </div>
          </section>
          <div
            class="Layout--horizontal Layout--layout-spacing-small StyledProps--main"
            style="align-items: center; justify-content: flex-end;"
          >
            <span
              class="bp3-icon bp3-icon-timeline-area-chart StyledProps--main StyledProps--color StyledProps--color-grey400"
              icon="timeline-area-chart"
            >
              <svg
                data-icon="timeline-area-chart"
                height="20"
                viewBox="0 0 20 20"
                width="20"
              >
                <desc>
                  timeline-area-chart
                </desc>
                <path
                  d="M19 16H2V3c0-.55-.45-1-1-1s-1 .45-1 1v14c0 .55.45 1 1 1h18c.55 0 1-.45 1-1s-.45-1-1-1zm0-13.41l-7.07 7.07-4.3-3.44-.01.01A.987.987 0 007 6c-.24 0-.46.1-.63.24l-.01-.01L3 9.03V15h16V2.59z"
                  fill-rule="evenodd"
                />
              </svg>
            </span>
            <span
              class="bp3-icon bp3-icon-timeline-bar-chart StyledProps--main StyledProps--color StyledProps--color-primary7"
              icon="timeline-bar-chart"
            >
              <svg
                data-icon="timeline-bar-chart"
                height="18"
                viewBox="0 0 16 16"
                width="18"
              >
                <desc>
                  timeline-bar-chart
                </desc>
                <path
                  d="M8 12h1c.55 0 1-.45 1-1V2c0-.55-.45-1-1-1H8c-.55 0-1 .45-1 1v9c0 .55.45 1 1 1zm5 0h1c.55 0 1-.45 1-1V5c0-.55-.45-1-1-1h-1c-.55 0-1 .45-1 1v6c0 .55.45 1 1 1zm2 1H2c-.55 0-1 .45-1 1s.45 1 1 1h13c.55 0 1-.45 1-1s-.45-1-1-1zM3 12h1c.55 0 1-.45 1-1V7c0-.55-.45-1-1-1H3c-.55 0-1 .45-1 1v4c0 .55.45 1 1 1z"
                  fill-rule="evenodd"
                />
              </svg>
            </span>
          </div>
        </div>
      </div>
      <div
        class="StyledProps--font StyledProps--main emptyIllustrationContainer"
      >
        <img
          src="test-file-stub"
        />
        <p
          class="StyledProps--font StyledProps--main StyledProps--margin-top-large StyledProps--margin-bottom-xsmall StyledProps--font-small StyledProps--color StyledProps--color-grey500"
          style="font-weight: 600;"
        >
          ce.pageErrorMsg.noDataMsg
        </p>
        <p
          class="StyledProps--font StyledProps--main StyledProps--font-small"
        >
          ce.pageErrorMsg.perspectiveNoData
        </p>
      </div>
      <div
        class="StyledProps--font StyledProps--main StyledProps--background-white"
      >
        <div
          class="Layout--horizontal StyledProps--main"
          style="justify-content: flex-end;"
        >
          <span
            class="bp3-popover-wrapper"
          >
            <span
              class="bp3-popover-target"
            >
              <div
                class="StyledProps--font StyledProps--main container"
              >
                <div
                  class="selectBtn"
                >
                  <span>
                    ce.gridColumnSelector
                  </span>
                  <span
                    class="bp3-icon bp3-icon-chevron-down StyledProps--main"
                    icon="chevron-down"
                  >
                    <svg
                      data-icon="chevron-down"
                      height="16"
                      viewBox="0 0 16 16"
                      width="16"
                    >
                      <desc>
                        chevron-down
                      </desc>
                      <path
                        d="M12 5c-.28 0-.53.11-.71.29L8 8.59l-3.29-3.3a1.003 1.003 0 00-1.42 1.42l4 4c.18.18.43.29.71.29s.53-.11.71-.29l4-4A1.003 1.003 0 0012 5z"
                        fill-rule="evenodd"
                      />
                    </svg>
                  </span>
                </div>
              </div>
            </span>
          </span>
        </div>
        <div
          class="gridCtn"
        >
          <div
            class="table sticky"
            role="table"
          >
            <div
              class="header"
            >
              <div
                class="tr"
                role="row"
                style="display: flex; width: 650px;"
              >
                <div
                  class="th name"
                  colspan="1"
                  role="columnheader"
                  style="display: inline-block; box-sizing: border-box; width: 250px;"
                >
                  Name
                </div>
                <div
                  class="th"
                  colspan="1"
                  role="columnheader"
                  style="display: inline-block; box-sizing: border-box; width: 200px;"
                >
                  Total cost
                </div>
                <div
                  class="th cost-trend cost-column"
                  colspan="1"
                  role="columnheader"
                  style="display: inline-block; box-sizing: border-box; width: 200px;"
                >
                  Cost trend
                </div>
              </div>
            </div>
            <div
              class="body"
              role="rowgroup"
            />
          </div>
        </div>
      </div>
    </div>
  </div>
</div>
`;

exports[`test cases for Perspective details Page should be able to render the details page 1`] = `
<div>
  <div
    class="Layout--horizontal StyledProps--main PageHeader--container PageHeader--standard StyledProps--flex StyledProps--padding-left-xlarge StyledProps--padding-right-xlarge StyledProps--background-white"
  >
    <div
      class="Layout--vertical StyledProps--main"
    >
      <div
        class="Layout--horizontal Layout--layout-spacing-medium StyledProps--main perspectiveHeader StyledProps--flex"
        style="align-items: center;"
      >
        <div
          class="StyledProps--font StyledProps--main"
          style="flex-grow: 1;"
        >
          <div
            class="breadcrumbs"
          >
            <div>
              <a
                class="breadcrumb"
                href="/account/undefined/ce/perspectives"
              >
                ce.perspectives.sideNavText
              </a>
              <span
                class="bp3-icon StyledProps--main separator"
                data-icon="main-chevron-right"
              >
                <svg
                  height="11"
                  viewBox="0 0 8 14"
                  width="11"
                  xmlns="http://www.w3.org/2000/svg"
                >
                  <path
                    d="M7.7 6.3l-6-6C1.5.1 1.3 0 1 0 .4 0 0 .4 0 1c0 .3.1.5.3.7L5.6 7 .3 12.3c-.2.2-.3.4-.3.7 0 .6.4 1 1 1 .3 0 .5-.1.7-.3l6-6c.2-.2.3-.4.3-.7s-.1-.5-.3-.7z"
                    fill="#4d5969"
                  />
                </svg>
              </span>
            </div>
            <div>
              <span
                class="lastBreadcrumb"
              />
            </div>
          </div>
          <div
            class="Layout--horizontal Layout--layout-spacing-small StyledProps--main"
          >
            <h2
              class="StyledProps--font StyledProps--font-h2 StyledProps--main StyledProps--color StyledProps--color-grey800"
              level="2"
            />
            <div
              class="StyledProps--font StyledProps--main StyledProps--padding-top-xsmall"
            >
              <div
                class="StyledProps--font StyledProps--main StyledProps--flex"
              >
                <span
                  class="bp3-icon StyledProps--main StyledProps--color StyledProps--color-primary7"
                  data-icon="notification"
                >
                  <svg
                    height="14"
                    viewBox="0 0 16 16"
                    width="14"
                    xmlns="http://www.w3.org/2000/svg"
                  >
                    <path
                      d="M3 12v-.793l.881-.881.721-.721.002-.002-.007-.006A3.968 3.968 0 014 7.5a4 4 0 118 0c0 .77-.22 1.488-.597 2.097l-.007.007.002.001.721.721.881.881V12H3zm5 2a1 1 0 01-1-1h2a1 1 0 01-1 1zm5.854-3.354l-1.236-1.235A4.954 4.954 0 0013 7.5a5.006 5.006 0 00-4.5-4.974V1.5h-1v1.026A5.006 5.006 0 003 7.5c0 .677.136 1.322.382 1.911l-1.236 1.235A.5.5 0 002 11v2h4c0 1.103.897 2 2 2s2-.897 2-2h4v-2a.5.5 0 00-.146-.354z"
                      opacity="0.6"
                    />
                  </svg>
                </span>
                <p
                  class="StyledProps--font StyledProps--main StyledProps--margin-left-xsmall StyledProps--color StyledProps--color-grey500 StyledProps--font-variation-small"
                >
                  ce.perspectives.perspectiveReportsTxt
                </p>
              </div>
            </div>
          </div>
        </div>
        <button
          class="bp3-button bp3-disabled Button--button StyledProps--font StyledProps--main StyledProps--intent-primary Button--with-current-color Button--withLeftIcon"
          disabled=""
          tabindex="-1"
          type="button"
        >
          <span
            class="bp3-icon bp3-icon-edit StyledProps--main StyledProps--padding-right-xsmall"
            icon="edit"
          >
            <svg
              data-icon="edit"
              height="16"
              viewBox="0 0 16 16"
              width="16"
            >
              <desc>
                edit
              </desc>
              <path
                d="M3.25 10.26l2.47 2.47 6.69-6.69-2.46-2.48-6.7 6.7zM.99 14.99l3.86-1.39-2.46-2.44-1.4 3.83zm12.25-14c-.48 0-.92.2-1.24.51l-1.44 1.44 2.47 2.47 1.44-1.44c.32-.32.51-.75.51-1.24.01-.95-.77-1.74-1.74-1.74z"
                fill-rule="evenodd"
              />
            </svg>
          </span>
          <span
            class="bp3-button-text"
          >
            edit
          </span>
        </button>
      </div>
    </div>
  </div>
  <div
    class="StyledProps--font StyledProps--main PageBody--pageBody"
    data-name="page-body"
  >
    <div
      class="StyledProps--font StyledProps--main StyledProps--background-white StyledProps--padding-small StyledProps--border StyledProps--border-bottom"
    >
      <div
        class="StyledProps--font StyledProps--main mainContainer"
      >
        <span
          class="bp3-icon StyledProps--main"
          data-icon="ng-filter"
        >
          <svg
            height="20"
            viewBox="0 0 24 24"
            width="20"
            xmlns="http://www.w3.org/2000/svg"
          >
            <path
              clip-rule="evenodd"
              d="M16.5 8V7H19a.5.5 0 000-1h-2.5V5a.5.5 0 00-1 0v1H5a.5.5 0 000 1h10.5v1a.5.5 0 001 0zM5 11.5h3v-1a.5.5 0 011 0v1h10a.5.5 0 010 1H9v1a.5.5 0 01-1 0v-1H5a.5.5 0 010-1zM5 17a.5.5 0 000 1h7v1a.5.5 0 001 0v-1h6a.5.5 0 000-1h-6v-1a.5.5 0 00-1 0v1H5z"
              fill="currentColor"
              fill-rule="evenodd"
            />
          </svg>
        </span>
        <div
          class="StyledProps--font StyledProps--main"
        >
          <section
            class="filtersContainer"
          >
            <button
              class="bp3-button bp3-minimal Button--button StyledProps--font StyledProps--main StyledProps--intent-primary Button--with-current-color Button--without-shadow"
              type="button"
            >
              <span
                class="bp3-button-text"
              >
                + add filter
              </span>
            </button>
          </section>
        </div>
        <span
          style="flex-grow: 1;"
        />
        <span
          class="bp3-popover-wrapper"
        >
          <span
            class="bp3-popover-target"
          >
            <button
              class="bp3-button bp3-minimal Button--button StyledProps--font StyledProps--main timeRangeButton StyledProps--intent-primary StyledProps--padding-small Button--with-current-color Button--without-shadow Button--withLeftIcon Button--withRightIcon"
              type="button"
            >
              <span
                class="bp3-icon bp3-icon-calendar StyledProps--main StyledProps--padding-right-xsmall"
                icon="calendar"
              >
                <svg
                  data-icon="calendar"
                  height="16"
                  viewBox="0 0 16 16"
                  width="16"
                >
                  <desc>
                    calendar
                  </desc>
                  <path
                    d="M11 3c.6 0 1-.5 1-1V1c0-.6-.4-1-1-1s-1 .4-1 1v1c0 .5.4 1 1 1zm3-2h-1v1c0 1.1-.9 2-2 2s-2-.9-2-2V1H6v1c0 1.1-.9 2-2 2s-2-.9-2-2V1H1c-.6 0-1 .5-1 1v12c0 .6.4 1 1 1h13c.6 0 1-.4 1-1V2c0-.6-.5-1-1-1zM5 13H2v-3h3v3zm0-4H2V6h3v3zm4 4H6v-3h3v3zm0-4H6V6h3v3zm4 4h-3v-3h3v3zm0-4h-3V6h3v3zM4 3c.6 0 1-.5 1-1V1c0-.6-.4-1-1-1S3 .4 3 1v1c0 .5.4 1 1 1z"
                    fill-rule="evenodd"
                  />
                </svg>
              </span>
              <span
                class="bp3-button-text"
              >
                ce.perspectives.timeRangeConstants.last7Days
              </span>
              <span
                class="bp3-icon bp3-icon-caret-down StyledProps--main"
                icon="caret-down"
              >
                <svg
                  data-icon="caret-down"
                  height="16"
                  viewBox="0 0 16 16"
                  width="16"
                >
                  <desc>
                    caret-down
                  </desc>
                  <path
                    d="M12 6.5c0-.28-.22-.5-.5-.5h-7a.495.495 0 00-.37.83l3.5 4c.09.1.22.17.37.17s.28-.07.37-.17l3.5-4c.08-.09.13-.2.13-.33z"
                    fill-rule="evenodd"
                  />
                </svg>
              </span>
            </button>
          </span>
        </span>
        <p
          class="StyledProps--font StyledProps--main StyledProps--color StyledProps--color-primary7"
        >
          |
        </p>
        <span
          class="bp3-popover-wrapper"
        >
          <span
            class="bp3-popover-target"
          >
            <button
              class="bp3-button bp3-minimal Button--button StyledProps--font StyledProps--main timeGranularityButton StyledProps--intent-primary Button--with-current-color Button--without-shadow Button--withRightIcon"
              type="button"
            >
              <span
                class="bp3-button-text"
              >
                ce.perspectives.timeAggregation.daily
              </span>
              <span
                class="bp3-icon bp3-icon-caret-down StyledProps--main"
                icon="caret-down"
              >
                <svg
                  data-icon="caret-down"
                  height="16"
                  viewBox="0 0 16 16"
                  width="16"
                >
                  <desc>
                    caret-down
                  </desc>
                  <path
                    d="M12 6.5c0-.28-.22-.5-.5-.5h-7a.495.495 0 00-.37.83l3.5 4c.09.1.22.17.37.17s.28-.07.37-.17l3.5-4c.08-.09.13-.2.13-.33z"
                    fill-rule="evenodd"
                  />
                </svg>
              </span>
            </button>
          </span>
        </span>
      </div>
    </div>
    <div
      class="Layout--horizontal Layout--layout-spacing-large StyledProps--main StyledProps--margin-xlarge"
    >
      <div
        class="bp3-card bp3-elevation-1 Card--card"
      >
        <div
          class="StyledProps--font StyledProps--main mainCard"
        />
      </div>
      <div
        class="bp3-card bp3-elevation-1 Card--card cardContainer"
      >
        <div
          class="StyledProps--font StyledProps--main budgetCard"
        >
          <p
            class="StyledProps--font StyledProps--main StyledProps--color StyledProps--color-grey800 StyledProps--font-small"
          >
            ce.perspectives.budgets.title
          </p>
          <p
            class="StyledProps--font StyledProps--main StyledProps--margin-top-small StyledProps--margin-bottom-small StyledProps--color StyledProps--color-black StyledProps--font-weight-semi-bold StyledProps--font-size-medium"
          >
            $---
          </p>
          <p
            class="StyledProps--font StyledProps--main addBudgetText StyledProps--color StyledProps--color-primary7 StyledProps--font-small"
          >
            ce.perspectives.budgets.addBudget
          </p>
        </div>
      </div>
    </div>
    <div
      class="StyledProps--font StyledProps--main chartGridContainer StyledProps--margin-xlarge StyledProps--background-white"
    >
      <div
        class="StyledProps--font StyledProps--main StyledProps--padding-small"
      >
        <div
          class="StyledProps--font StyledProps--main groupByContainer StyledProps--background-white StyledProps--padding-small"
        >
          <section
            class="groupByContainer"
          >
            <label
              class="groupByLabel"
            >
               
              ce.perspectives.createPerspective.preview.groupBy
            </label>
            <div
              class="groupBys"
            >
              <span
                class="bp3-popover-wrapper"
              >
                <span
                  class="bp3-popover-target"
                >
                  <div
                    class="groupByItems"
                  >
                    Cluster
                  </div>
                </span>
              </span>
              <div
                class="groupByItems"
              >
                Region
              </div>
              <div
                class="groupByItems activeItem"
              >
                Product
              </div>
              <span
                class="bp3-popover-wrapper"
              >
                <span
                  class="bp3-popover-target"
                >
                  <div
                    class="groupByItems"
                  >
                    Label
                  </div>
                </span>
              </span>
            </div>
          </section>
          <div
            class="Layout--horizontal Layout--layout-spacing-small StyledProps--main"
            style="align-items: center; justify-content: flex-end;"
          >
            <span
              class="bp3-icon bp3-icon-timeline-area-chart StyledProps--main StyledProps--color StyledProps--color-grey400"
              icon="timeline-area-chart"
            >
              <svg
                data-icon="timeline-area-chart"
                height="20"
                viewBox="0 0 20 20"
                width="20"
              >
                <desc>
                  timeline-area-chart
                </desc>
                <path
                  d="M19 16H2V3c0-.55-.45-1-1-1s-1 .45-1 1v14c0 .55.45 1 1 1h18c.55 0 1-.45 1-1s-.45-1-1-1zm0-13.41l-7.07 7.07-4.3-3.44-.01.01A.987.987 0 007 6c-.24 0-.46.1-.63.24l-.01-.01L3 9.03V15h16V2.59z"
                  fill-rule="evenodd"
                />
              </svg>
            </span>
            <span
              class="bp3-icon bp3-icon-timeline-bar-chart StyledProps--main StyledProps--color StyledProps--color-primary7"
              icon="timeline-bar-chart"
            >
              <svg
                data-icon="timeline-bar-chart"
                height="18"
                viewBox="0 0 16 16"
                width="18"
              >
                <desc>
                  timeline-bar-chart
                </desc>
                <path
                  d="M8 12h1c.55 0 1-.45 1-1V2c0-.55-.45-1-1-1H8c-.55 0-1 .45-1 1v9c0 .55.45 1 1 1zm5 0h1c.55 0 1-.45 1-1V5c0-.55-.45-1-1-1h-1c-.55 0-1 .45-1 1v6c0 .55.45 1 1 1zm2 1H2c-.55 0-1 .45-1 1s.45 1 1 1h13c.55 0 1-.45 1-1s-.45-1-1-1zM3 12h1c.55 0 1-.45 1-1V7c0-.55-.45-1-1-1H3c-.55 0-1 .45-1 1v4c0 .55.45 1 1 1z"
                  fill-rule="evenodd"
                />
              </svg>
            </span>
          </div>
        </div>
        <div>
          <article>
            <mock
              options="[object Object]"
            />
            <span
              class="bp3-icon StyledProps--main"
              data-icon="spinner"
            >
              <svg
                fill="none"
                height="16"
                viewBox="0 0 36 36"
                width="16"
                xmlns="http://www.w3.org/2000/svg"
              >
                <path
                  d="M18 2.084a15.915 15.915 0 010 31.831 15.915 15.915 0 010-31.83"
                  stroke="currentColor"
                  stroke-dasharray="75,100"
                  stroke-linecap="round"
                  stroke-width="2.8"
                  style="animation: 1s linear infinite spinner-rotation; transform-origin: 50% 50%; transform-box: fill-box;"
                />
              </svg>
            </span>
          </article>
        </div>
      </div>
      <div
        class="StyledProps--font StyledProps--main StyledProps--background-white"
      >
        <div
          class="Layout--horizontal StyledProps--main"
          style="justify-content: flex-end;"
        >
          <span
            class="bp3-popover-wrapper"
          >
            <span
              class="bp3-popover-target"
            >
              <div
                class="StyledProps--font StyledProps--main container"
              >
                <div
                  class="selectBtn"
                >
                  <span>
                    ce.gridColumnSelector
                  </span>
                  <span
                    class="bp3-icon bp3-icon-chevron-down StyledProps--main"
                    icon="chevron-down"
                  >
                    <svg
                      data-icon="chevron-down"
                      height="16"
                      viewBox="0 0 16 16"
                      width="16"
                    >
                      <desc>
                        chevron-down
                      </desc>
                      <path
                        d="M12 5c-.28 0-.53.11-.71.29L8 8.59l-3.29-3.3a1.003 1.003 0 00-1.42 1.42l4 4c.18.18.43.29.71.29s.53-.11.71-.29l4-4A1.003 1.003 0 0012 5z"
                        fill-rule="evenodd"
                      />
                    </svg>
                  </span>
                </div>
              </div>
            </span>
          </span>
        </div>
        <div
          class="gridCtn"
        >
          <div
            class="table sticky"
            role="table"
          >
            <div
              class="header"
            >
              <div
                class="tr"
                role="row"
                style="display: flex; width: 650px;"
              >
                <div
                  class="th name"
                  colspan="1"
                  role="columnheader"
                  style="display: inline-block; box-sizing: border-box; width: 250px;"
                >
                  Name
                </div>
                <div
                  class="th"
                  colspan="1"
                  role="columnheader"
                  style="display: inline-block; box-sizing: border-box; width: 200px;"
                >
                  Total cost
                </div>
                <div
                  class="th cost-trend cost-column"
                  colspan="1"
                  role="columnheader"
                  style="display: inline-block; box-sizing: border-box; width: 200px;"
                >
                  Cost trend
                </div>
              </div>
            </div>
            <div
              class="body"
              role="rowgroup"
            />
          </div>
        </div>
      </div>
    </div>
  </div>
</div>
`;
