// Jest Snapshot v1, https://goo.gl/fbAQLP

exports[`Copy group form test render 1`] = `
<TestWrapper>
  <CopyGroupForm
    handleFormClose={[Function]}
  />
</TestWrapper>
`;
