// Jest Snapshot v1, https://goo.gl/fbAQLP

exports[`Copy menu item test render 1`] = `
<TestWrapper>
  <CopyMenuItem
    userGroupName="dummy"
  />
</TestWrapper>
`;
