// Jest Snapshot v1, https://goo.gl/fbAQLP

exports[`<TemplateYaml /> tests snapshot test 1`] = `
<div>
  <div
    class="StyledProps--font StyledProps--main container"
  >
    <div
      class="Layout--vertical Layout--layout-spacing-medium StyledProps--main"
    >
      <div
        class="StyledProps--font StyledProps--main StyledProps--padding-top-large StyledProps--padding-right-xxlarge StyledProps--padding-bottom-large StyledProps--padding-left-xxlarge StyledProps--border StyledProps--border-bottom StyledProps--background-white"
      >
        <p
          class="StyledProps--font StyledProps--main StyledProps--font-size-normal StyledProps--font-weight-bold StyledProps--color StyledProps--color-grey800"
        >
          template.yaml
        </p>
      </div>
      <div
        class="StyledProps--font StyledProps--main"
        style="flex-grow: 1;"
      >
        <textarea>
          type: "HarnessApproval"
timeout: "&lt;+input&gt;"
spec:
  approvalMessage: "&lt;+input&gt;"
  approvers:
    userGroups: "&lt;+input&gt;"
    minimumCount: "&lt;+input&gt;"

        </textarea>
      </div>
    </div>
  </div>
</div>
`;
