// Jest Snapshot v1, https://goo.gl/fbAQLP

exports[`Delegate Selectors test snapshot testing 1`] = `
<div>
  <div
    class="wrapper"
    data-name="DelegateSelectors"
  >
    <div
      class="bp3-popover-wrapper delegateInput delegatePopover bp3-fill"
    >
      <div
        class="bp3-popover-target"
      >
        <div
          class=""
        >
          <div
            class="bp3-input bp3-tag-input bp3-fill bp3-multi-select"
          >
            <div
              class="bp3-tag-input-values"
            >
              <input
                class="bp3-input-ghost bp3-multi-select-tag-input-input"
                placeholder="delegate.Delegate_Selector_placeholder"
                value=""
              />
            </div>
          </div>
        </div>
      </div>
    </div>
  </div>
</div>
`;
