// Jest Snapshot v1, https://goo.gl/fbAQLP

exports[`FlagActivationDetails it should render edit flag modal correctly 1`] = `
<form
  class="FormikForm--main"
  data-testid="edit-flag-form"
>
  <div>
    <div
      class="Layout--vertical Layout--layout-spacing-large StyledProps--main editDetailsModalContainer"
    >
      <p
        class="StyledProps--font StyledProps--main"
      >
        cf.editDetails.editDetailsHeading
      </p>
      <div
        class="bp3-form-group"
        data-id="name-0"
      >
        <label
          class="bp3-label"
          for="name"
        >
          <span
            class="Tooltip--acenter"
            data-tooltip-id="flagActivationDetails_name"
          >
            name
          </span>
           
          <span
            class="bp3-text-muted"
          />
        </label>
        <div
          class="bp3-form-content"
        >
          <div
            class="bp3-input-group"
          >
            <input
              autocomplete="off"
              class="bp3-input"
              name="name"
              type="text"
              value="new flag"
            />
          </div>
        </div>
      </div>
      <div
        class="bp3-form-group"
        data-id="description-1"
      >
        <label
          class="bp3-label"
          for="description"
        >
          <span
            class="Tooltip--acenter"
            data-tooltip-id="flagActivationDetails_description"
          >
            description
          </span>
           
          <span
            class="bp3-text-muted"
          />
        </label>
        <div
          class="bp3-form-content"
        >
          <textarea
            autocomplete="off"
            class="bp3-input bp3-fill"
            maxlength="1024"
            name="description"
          />
        </div>
      </div>
      <div
        class="StyledProps--font StyledProps--main"
      >
        <div
          class="bp3-form-group"
          data-id="permanent-2"
        >
          <div
            class="bp3-form-content"
          >
            <label
              class="bp3-control bp3-checkbox StyledProps--font Checkbox--checkbox checkboxEditDetails StyledProps--main StyledProps--inline"
            >
              <input
                name="permanent"
                type="checkbox"
              />
              <span
                class="bp3-control-indicator"
              />
              <span
                class="Tooltip--acenter FormikForm--checkBoxDocTooltipLabel"
                data-tooltip-id="flagActivationDetails_permanent"
              >
                cf.editDetails.permaFlag
              </span>
            </label>
          </div>
        </div>
      </div>
      <div
        class="StyledProps--font StyledProps--main"
      >
        <div
          class="bp3-divider"
        />
      </div>
      <div
        class="Layout--vertical Layout--layout-spacing-small StyledProps--main"
      >
        <h4
          class="StyledProps--font StyledProps--font-h4 StyledProps--main StyledProps--font-variation-h5"
          level="4"
        >
          cf.gitSync.commitChanges
        </h4>
        <div
          class="StyledProps--font StyledProps--main"
        >
          <h4
            class="StyledProps--font StyledProps--font-h4 StyledProps--main StyledProps--font-variation-h5 StyledProps--margin-bottom-small StyledProps--color StyledProps--color-grey600"
            level="4"
          >
            common.gitSync.harnessFolderLabel
          </h4>
          <div
            class="Layout--horizontal Layout--layout-spacing-small StyledProps--main formRow"
          >
            <div
              class="bp3-form-group bp3-disabled"
              data-id="gitDetails.repoIdentifier-3"
            >
              <label
                class="bp3-label"
                for="gitDetails.repoIdentifier"
              >
                <span
                  class="Tooltip--acenter"
                  data-tooltip-id="flagActivationDetails_gitDetails.repoIdentifier"
                >
                  common.git.selectRepoLabel
                </span>
                 
                <span
                  class="bp3-text-muted"
                />
              </label>
              <div
                class="bp3-form-content"
              >
                <div
                  class="bp3-input-group bp3-disabled"
                >
                  <input
                    autocomplete="off"
                    class="bp3-input"
                    disabled=""
                    name="gitDetails.repoIdentifier"
                    type="text"
                    value="harnesstest"
                  />
                </div>
              </div>
            </div>
            <div
              class="bp3-form-group bp3-disabled"
              data-id="gitDetails.rootFolder-4"
            >
              <label
                class="bp3-label"
                for="gitDetails.rootFolder"
              >
                <span
                  class="Tooltip--acenter"
                  data-tooltip-id="flagActivationDetails_gitDetails.rootFolder"
                >
                  common.gitSync.harnessFolderLabel
                </span>
                 
                <span
                  class="bp3-text-muted"
                />
              </label>
              <div
                class="bp3-form-content"
              >
                <div
                  class="bp3-input-group bp3-disabled"
                >
                  <input
                    autocomplete="off"
                    class="bp3-input"
                    disabled=""
                    name="gitDetails.rootFolder"
                    type="text"
                    value="/.harness/"
                  />
                </div>
              </div>
            </div>
          </div>
          <div
            class="bp3-form-group bp3-disabled"
            data-id="gitDetails.filePath-5"
          >
            <label
              class="bp3-label"
              for="gitDetails.filePath"
            >
              <span
                class="Tooltip--acenter"
                data-tooltip-id="flagActivationDetails_gitDetails.filePath"
              >
                common.git.filePath
              </span>
               
              <span
                class="bp3-text-muted"
              />
            </label>
            <div
              class="bp3-form-content"
            >
              <div
                class="bp3-input-group bp3-disabled"
              >
                <input
                  autocomplete="off"
                  class="bp3-input"
                  disabled=""
                  name="gitDetails.filePath"
                  type="text"
                  value="/flags.yaml"
                />
              </div>
            </div>
          </div>
        </div>
        <div
          class="StyledProps--font StyledProps--main"
        >
          <h4
            class="StyledProps--font StyledProps--font-h4 StyledProps--main StyledProps--font-variation-h5 StyledProps--margin-bottom-small StyledProps--color StyledProps--color-grey600"
            level="4"
          >
            common.gitSync.commitDetailsLabel
          </h4>
          <div
            class="bp3-form-group"
            data-id="gitDetails.commitMsg-6"
          >
            <label
              class="bp3-label"
              for="gitDetails.commitMsg"
            >
              <span
                class="Tooltip--acenter"
                data-tooltip-id="flagActivationDetails_gitDetails.commitMsg"
              >
                common.git.commitMessage
              </span>
               
              <span
                class="bp3-text-muted"
              />
            </label>
            <div
              class="bp3-form-content"
            >
              <textarea
                autocomplete="off"
                class="bp3-input bp3-fill"
                maxlength="1024"
                name="gitDetails.commitMsg"
                placeholder="common.git.commitMessage"
              />
            </div>
          </div>
          <div
            class="StyledProps--font StyledProps--main StyledProps--flex StyledProps--flex-justifyContent-flex-start StyledProps--flex-alignItems-center"
          >
            <span
              class="bp3-icon StyledProps--main"
              data-icon="git-branch-existing"
            >
              <svg
                fill="none"
                height="16"
                viewBox="0 0 16 9"
                width="16"
                xmlns="http://www.w3.org/2000/svg"
              >
                <path
                  clip-rule="evenodd"
                  d="M12.403 3.67H16v1.626h-3.597a4.477 4.477 0 01-8.807 0H0V3.67h3.596a4.477 4.477 0 018.807 0zm-7.26.813a2.857 2.857 0 105.714 0 2.857 2.857 0 00-5.714 0z"
                  fill="#383946"
                  fill-rule="evenodd"
                />
              </svg>
            </span>
            <span
              class="StyledProps--font StyledProps--main StyledProps--margin-left-small StyledProps--margin-right-small StyledProps--inline"
            >
              common.git.existingBranchCommitLabel
              :
            </span>
            <div
              class="bp3-form-group bp3-disabled"
              data-id="gitDetails.branch-7"
              style="margin-bottom: 0px;"
            >
              <div
                class="bp3-form-content"
              >
                <div
                  class="bp3-input-group bp3-disabled"
                >
                  <input
                    autocomplete="off"
                    class="bp3-input"
                    disabled=""
                    name="gitDetails.branch"
                    type="text"
                    value="main"
                  />
                </div>
              </div>
            </div>
          </div>
          <div
            class="StyledProps--font StyledProps--main StyledProps--padding-left-xlarge StyledProps--padding-top-small"
            data-testid="commit-details-section"
          >
            <div
              class="bp3-form-group"
              data-id="autoCommit-8"
            >
              <div
                class="bp3-form-content"
              >
                <label
                  class="bp3-control bp3-checkbox bp3-large StyledProps--font Checkbox--checkbox StyledProps--main StyledProps--inline"
                >
                  <input
                    name="autoCommit"
                    type="checkbox"
                  />
                  <span
                    class="bp3-control-indicator"
                  />
                  <span
                    class="Tooltip--acenter FormikForm--checkBoxDocTooltipLabel"
                    data-tooltip-id="flagActivationDetails_autoCommit"
                  >
                    cf.gitSync.autoCommitLabel
                  </span>
                </label>
              </div>
            </div>
          </div>
        </div>
      </div>
      <div
        class="StyledProps--font StyledProps--main"
      >
        <button
          class="bp3-button Button--button StyledProps--font StyledProps--main StyledProps--intent-primary Button--with-current-color"
          type="submit"
        >
          <span
            class="bp3-button-text"
          >
            save
          </span>
        </button>
        <button
          class="bp3-button bp3-minimal Button--button StyledProps--font StyledProps--main Button--with-current-color Button--without-shadow"
          type="button"
        >
          <span
            class="bp3-button-text"
          >
            cancel
          </span>
        </button>
      </div>
    </div>
  </div>
</form>
`;
