// Jest Snapshot v1, https://goo.gl/fbAQLP

exports[`Role Details Page Click on Resource Type 1`] = `
<div>
  <div
    class="Layout--horizontal StyledProps--main PageHeader--container PageHeader--xlarge StyledProps--flex StyledProps--padding-left-xlarge StyledProps--padding-right-xlarge StyledProps--background-white"
  >
    <div
      class="Layout--vertical StyledProps--main"
    >
      <div
        class="PageHeader--breadcrumbsDiv"
      >
        <div
          class="Layout--horizontal StyledProps--main Breadcrumbs--breadcrumbs StyledProps--flex StyledProps--flex-align-center-center StyledProps--flex-justifyContent-flex-start"
        >
          <div
            class="Layout--horizontal StyledProps--main StyledProps--flex StyledProps--flex-align-center-center StyledProps--flex-justifyContent-flex-start"
          >
            <a
              class="Breadcrumbs--breadcrumb"
              href="/account/dummy/settings"
            >
              <span
                class="bp3-icon bp3-icon-cog StyledProps--main StyledProps--padding-right-xsmall StyledProps--color StyledProps--color-primary7"
                icon="cog"
              >
                <svg
                  data-icon="cog"
                  height="16"
                  viewBox="0 0 16 16"
                  width="16"
                >
                  <desc>
                    cog
                  </desc>
                  <path
                    d="M15.19 6.39h-1.85c-.11-.37-.27-.71-.45-1.04l1.36-1.36c.31-.31.31-.82 0-1.13l-1.13-1.13a.803.803 0 00-1.13 0l-1.36 1.36c-.33-.17-.67-.33-1.04-.44V.79c0-.44-.36-.8-.8-.8h-1.6c-.44 0-.8.36-.8.8v1.86c-.39.12-.75.28-1.1.47l-1.3-1.3c-.3-.3-.79-.3-1.09 0L1.82 2.91c-.3.3-.3.79 0 1.09l1.3 1.3c-.2.34-.36.7-.48 1.09H.79c-.44 0-.8.36-.8.8v1.6c0 .44.36.8.8.8h1.85c.11.37.27.71.45 1.04l-1.36 1.36c-.31.31-.31.82 0 1.13l1.13 1.13c.31.31.82.31 1.13 0l1.36-1.36c.33.18.67.33 1.04.44v1.86c0 .44.36.8.8.8h1.6c.44 0 .8-.36.8-.8v-1.86c.39-.12.75-.28 1.1-.47l1.3 1.3c.3.3.79.3 1.09 0l1.09-1.09c.3-.3.3-.79 0-1.09l-1.3-1.3c.19-.35.36-.71.48-1.1h1.85c.44 0 .8-.36.8-.8v-1.6a.816.816 0 00-.81-.79zm-7.2 4.6c-1.66 0-3-1.34-3-3s1.34-3 3-3 3 1.34 3 3-1.34 3-3 3z"
                    fill-rule="evenodd"
                  />
                </svg>
              </span>
              <p
                class="StyledProps--font StyledProps--main StyledProps--intent-primary StyledProps--font-size-small"
              >
                common.accountSettings
              </p>
            </a>
            <span
              class="bp3-icon StyledProps--main StyledProps--color StyledProps--color-grey500 StyledProps--padding-right-xsmall StyledProps--padding-left-xsmall"
              data-icon="main-chevron-right"
            >
              <svg
                height="8"
                viewBox="0 0 8 14"
                width="8"
                xmlns="http://www.w3.org/2000/svg"
              >
                <path
                  d="M7.7 6.3l-6-6C1.5.1 1.3 0 1 0 .4 0 0 .4 0 1c0 .3.1.5.3.7L5.6 7 .3 12.3c-.2.2-.3.4-.3.7 0 .6.4 1 1 1 .3 0 .5-.1.7-.3l6-6c.2-.2.3-.4.3-.7s-.1-.5-.3-.7z"
                  fill="#4d5969"
                />
              </svg>
            </span>
          </div>
          <div
            class="Layout--horizontal StyledProps--main StyledProps--flex StyledProps--flex-align-center-center StyledProps--flex-justifyContent-flex-start"
          >
            <a
              class="Breadcrumbs--breadcrumb"
              href="/account/dummy/settings/access-control/roles"
            >
              <p
                class="StyledProps--font StyledProps--main StyledProps--intent-primary StyledProps--font-size-small"
              >
                accessControl: roles
              </p>
            </a>
            <span
              class="bp3-icon StyledProps--main StyledProps--color StyledProps--color-grey500 StyledProps--padding-right-xsmall StyledProps--padding-left-xsmall"
              data-icon="main-chevron-right"
            >
              <svg
                height="8"
                viewBox="0 0 8 14"
                width="8"
                xmlns="http://www.w3.org/2000/svg"
              >
                <path
                  d="M7.7 6.3l-6-6C1.5.1 1.3 0 1 0 .4 0 0 .4 0 1c0 .3.1.5.3.7L5.6 7 .3 12.3c-.2.2-.3.4-.3.7 0 .6.4 1 1 1 .3 0 .5-.1.7-.3l6-6c.2-.2.3-.4.3-.7s-.1-.5-.3-.7z"
                  fill="#4d5969"
                />
              </svg>
            </span>
          </div>
        </div>
      </div>
      <div
        class="Layout--horizontal Layout--layout-spacing-medium StyledProps--main StyledProps--flex StyledProps--flex-alignItems-center StyledProps--flex-justifyContent-flex-start"
      >
        <span
          class="bp3-icon StyledProps--main"
          data-icon="customRole"
        >
          <svg
            fill="none"
            height="40"
            viewBox="0 0 37 37"
            width="40"
            xmlns="http://www.w3.org/2000/svg"
          >
            <path
              d="M34.898 16.867h-5.157c-.582-5.545-5.002-9.965-10.547-10.547V1.163C19.194.504 18.69 0 18.03 0c-.66 0-1.164.504-1.164 1.163V6.32c-5.545.582-9.965 5.002-10.547 10.547H1.163c-.659 0-1.163.504-1.163 1.164 0 .659.504 1.163 1.163 1.163H6.32c.582 5.545 5.002 9.965 10.547 10.547v5.157c0 .66.504 1.163 1.164 1.163.659 0 1.163-.504 1.163-1.163v-5.157c5.545-.582 9.965-5.002 10.547-10.547h5.157c.66 0 1.163-.504 1.163-1.163 0-.66-.504-1.164-1.163-1.164zM19.194 27.375v-4.032c0-.66-.504-1.163-1.163-1.163-.66 0-1.164.504-1.164 1.163v4.032a9.464 9.464 0 01-8.181-8.181h4.032c.66 0 1.164-.504 1.164-1.163 0-.66-.505-1.164-1.164-1.164H8.686a9.464 9.464 0 018.181-8.181v4.032c0 .66.504 1.164 1.164 1.164.659 0 1.163-.504 1.163-1.164V8.686a9.464 9.464 0 018.181 8.181h-4.032c-.66 0-1.163.504-1.163 1.164 0 .659.504 1.163 1.163 1.163h4.032a9.464 9.464 0 01-8.181 8.181z"
              fill="#6374D0"
            />
          </svg>
        </span>
        <div
          class="Layout--vertical Layout--layout-spacing-xsmall StyledProps--main details StyledProps--padding-left-medium"
        >
          <p
            class="StyledProps--font StyledProps--main StyledProps--color StyledProps--color-black StyledProps--font-medium"
          >
            name
          </p>
          <p
            class="StyledProps--font Text--lineclamp StyledProps--main"
            style="--text-line-clamp: 2;"
          >
            description
          </p>
          <div
            class="Layout--horizontal StyledProps--main StyledProps--padding-top-small"
          >
            <div
              class="Layout--horizontal Layout--layout-spacing-xsmall StyledProps--main"
            >
              <span
                class="Tag--main"
              >
                <span
                  class="bp3-tag"
                  style="max-width: 120px;"
                >
                  <span
                    class="bp3-text-overflow-ellipsis bp3-fill"
                  >
                    ui
                  </span>
                </span>
              </span>
              <span
                class="Tag--main"
              >
                <span
                  class="bp3-tag"
                  style="max-width: 120px;"
                >
                  <span
                    class="bp3-text-overflow-ellipsis bp3-fill"
                  >
                    dev
                  </span>
                </span>
              </span>
            </div>
          </div>
        </div>
      </div>
    </div>
    <div
      class="Layout--horizontal StyledProps--main StyledProps--flex"
    >
      <div
        class="Layout--vertical Layout--layout-spacing-xsmall StyledProps--main StyledProps--padding-right-small StyledProps--border StyledProps--border-right StyledProps--border-color-grey300"
      >
        <p
          class="StyledProps--font StyledProps--main"
        >
          created
        </p>
        dummy date
      </div>
      <div
        class="Layout--vertical Layout--layout-spacing-xsmall StyledProps--main StyledProps--padding-left-small"
      >
        <p
          class="StyledProps--font StyledProps--main"
        >
          lastUpdated
        </p>
        dummy date
      </div>
    </div>
  </div>
  <div
    class="StyledProps--font StyledProps--main PageBody--pageBody"
    data-name="page-body"
  >
    <div
      class="Layout--horizontal StyledProps--main body"
    >
      <div
        class="StyledProps--font StyledProps--main resourceList"
      >
        <div
          class="Layout--vertical Layout--layout-spacing-small StyledProps--main StyledProps--flex"
        >
          <div
            class="bp3-card bp3-interactive bp3-elevation-0 Card--card card Card--interactive"
            data-testid="resourceCard-ADMINSTRATIVE_FUNCTIONS"
            tabindex="0"
          >
            <div
              class="Layout--horizontal Layout--layout-spacing-small StyledProps--main StyledProps--flex"
            >
              <span
                class="bp3-icon StyledProps--main"
                data-icon="nav-project"
              >
                <svg
                  height="20"
                  viewBox="0 0 22 22"
                  width="20"
                  xmlns="http://www.w3.org/2000/svg"
                >
                  <path
                    d="M1.1 4.583L11 0l9.9 4.583v12.834L11 22l-9.9-4.583zm9 5.171l-7.2-3.33v9.811l7.2 3.338V9.754zm9 6.481V6.424l-7.2 3.33v9.819zm-1.462-11.15L11 2.012 4.362 5.085 11 8.157z"
                    fill="#56778d"
                  />
                </svg>
              </span>
              <p
                class="StyledProps--font StyledProps--main StyledProps--color StyledProps--color-black"
              >
                adminFunctions
                 
              </p>
            </div>
          </div>
          <div
            class="bp3-card bp3-interactive bp3-elevation-0 Card--card card Card--interactive"
            data-testid="resourceCard-SHARED_RESOURCES"
            tabindex="0"
          >
            <div
              class="Layout--horizontal Layout--layout-spacing-small StyledProps--main StyledProps--flex"
            >
              <span
                class="bp3-icon StyledProps--main"
                data-icon="nav-project"
              >
                <svg
                  height="20"
                  viewBox="0 0 22 22"
                  width="20"
                  xmlns="http://www.w3.org/2000/svg"
                >
                  <path
                    d="M1.1 4.583L11 0l9.9 4.583v12.834L11 22l-9.9-4.583zm9 5.171l-7.2-3.33v9.811l7.2 3.338V9.754zm9 6.481V6.424l-7.2 3.33v9.819zm-1.462-11.15L11 2.012 4.362 5.085 11 8.157z"
                    fill="#56778d"
                  />
                </svg>
              </span>
              <p
                class="StyledProps--font StyledProps--main StyledProps--color StyledProps--color-black"
              >
                rbac.categoryLabels.sharedResources
                 
              </p>
            </div>
          </div>
        </div>
      </div>
      <div
        class="StyledProps--font StyledProps--main permissionListContainer StyledProps--padding-large"
      >
        <div
          class="Layout--vertical StyledProps--main"
        >
          <div
            class="Layout--horizontal Layout--layout-spacing-medium StyledProps--main StyledProps--flex StyledProps--padding-medium"
          >
            <p
              class="StyledProps--font StyledProps--main StyledProps--color StyledProps--color-black StyledProps--font-size-medium StyledProps--font-weight-semi-bold StyledProps--padding-left-medium"
            >
              rbac.roleDetails.updateRolePermissions
            </p>
            <div
              class="Layout--horizontal Layout--layout-spacing-small StyledProps--main StyledProps--flex StyledProps--flex-justifyContent-flex-end"
            >
              <button
                class="bp3-button bp3-disabled Button--button StyledProps--font StyledProps--main Button--with-current-color Button--variation Button--variation-primary"
                disabled=""
                tabindex="-1"
                type="button"
              >
                <span
                  class="bp3-button-text"
                >
                  applyChanges
                </span>
              </button>
            </div>
          </div>
          <div>
            <div
              class="bp3-card bp3-elevation-0 Card--card card"
            >
              <div
                class="Layout--vertical StyledProps--main StyledProps--padding-small"
                style="width: 100%;"
              >
                <div
                  class="Layout--horizontal StyledProps--main permissionRow"
                  style="width: 100%;"
                >
                  <div
                    class="Layout--horizontal Layout--layout-spacing-medium StyledProps--main center"
                  >
                    <span
                      class="bp3-icon StyledProps--main"
                      data-icon="nav-project"
                    >
                      <svg
                        height="30"
                        viewBox="0 0 22 22"
                        width="30"
                        xmlns="http://www.w3.org/2000/svg"
                      >
                        <path
                          d="M1.1 4.583L11 0l9.9 4.583v12.834L11 22l-9.9-4.583zm9 5.171l-7.2-3.33v9.811l7.2 3.338V9.754zm9 6.481V6.424l-7.2 3.33v9.819zm-1.462-11.15L11 2.012 4.362 5.085 11 8.157z"
                          fill="#56778d"
                        />
                      </svg>
                    </span>
                    <p
                      class="StyledProps--font StyledProps--main StyledProps--color StyledProps--color-black StyledProps--font-weight-semi-bold"
                    >
                      adminFunctions
                    </p>
                  </div>
                </div>
                <div
                  class="Layout--vertical StyledProps--main StyledProps--padding-top-large"
                >
                  <div
                    class="permissionRow groupRow"
                  >
                    <p
                      class="StyledProps--font StyledProps--main StyledProps--color StyledProps--color-black StyledProps--padding-left-large"
                    >
                      orgsText
                    </p>
                    <div
                      class="permissionList"
                    >
                      <label
                        class="bp3-control bp3-checkbox StyledProps--font Checkbox--checkbox checkbox StyledProps--main"
                      >
                        <input
                          checked=""
                          data-testid="checkBox-ORGANIZATION-view"
                          type="checkbox"
                        />
                        <span
                          class="bp3-control-indicator"
                        />
                        <span>
                          rbac.permissionLabels.view
                        </span>
                      </label>
                    </div>
                  </div>
                  <div
                    class="permissionRow groupRow"
                  >
                    <p
                      class="StyledProps--font StyledProps--main StyledProps--color StyledProps--color-black StyledProps--padding-left-large"
                    >
                      projectsText
                    </p>
                    <div
                      class="permissionList"
                    />
                  </div>
                </div>
              </div>
            </div>
          </div>
          <div>
            <div
              class="bp3-card bp3-elevation-0 Card--card card selectedCard"
            >
              <div
                class="Layout--vertical StyledProps--main StyledProps--padding-small"
                style="width: 100%;"
              >
                <div
                  class="Layout--horizontal StyledProps--main permissionRow"
                  style="width: 100%;"
                >
                  <div
                    class="Layout--horizontal Layout--layout-spacing-medium StyledProps--main center"
                  >
                    <span
                      class="bp3-icon StyledProps--main"
                      data-icon="nav-project"
                    >
                      <svg
                        height="30"
                        viewBox="0 0 22 22"
                        width="30"
                        xmlns="http://www.w3.org/2000/svg"
                      >
                        <path
                          d="M1.1 4.583L11 0l9.9 4.583v12.834L11 22l-9.9-4.583zm9 5.171l-7.2-3.33v9.811l7.2 3.338V9.754zm9 6.481V6.424l-7.2 3.33v9.819zm-1.462-11.15L11 2.012 4.362 5.085 11 8.157z"
                          fill="#56778d"
                        />
                      </svg>
                    </span>
                    <p
                      class="StyledProps--font StyledProps--main StyledProps--color StyledProps--color-black StyledProps--font-weight-semi-bold"
                    >
                      rbac.categoryLabels.sharedResources
                    </p>
                  </div>
                </div>
                <div
                  class="Layout--vertical StyledProps--main StyledProps--padding-top-large"
                >
                  <div
                    class="permissionRow groupRow"
                  >
                    <p
                      class="StyledProps--font StyledProps--main StyledProps--color StyledProps--color-black StyledProps--padding-left-large"
                    >
                      common.secrets
                    </p>
                  </div>
                  <div
                    class="permissionRow groupRow"
                  >
                    <p
                      class="StyledProps--font StyledProps--main StyledProps--color StyledProps--color-black StyledProps--padding-left-large"
                    >
                      connectorsLabel
                    </p>
                  </div>
                  <div
                    class="permissionRow groupRow"
                  >
                    <p
                      class="StyledProps--font StyledProps--main StyledProps--color StyledProps--color-black StyledProps--padding-left-large"
                    >
                      delegate.delegates
                    </p>
                  </div>
                </div>
              </div>
            </div>
          </div>
        </div>
      </div>
    </div>
  </div>
</div>
`;

exports[`Role Details Page render data 1`] = `
<div>
  <div
    class="Layout--horizontal StyledProps--main PageHeader--container PageHeader--xlarge StyledProps--flex StyledProps--padding-left-xlarge StyledProps--padding-right-xlarge StyledProps--background-white"
  >
    <div
      class="Layout--vertical StyledProps--main"
    >
      <div
        class="PageHeader--breadcrumbsDiv"
      >
        <div
          class="Layout--horizontal StyledProps--main Breadcrumbs--breadcrumbs StyledProps--flex StyledProps--flex-align-center-center StyledProps--flex-justifyContent-flex-start"
        >
          <div
            class="Layout--horizontal StyledProps--main StyledProps--flex StyledProps--flex-align-center-center StyledProps--flex-justifyContent-flex-start"
          >
            <a
              class="Breadcrumbs--breadcrumb"
              href="/account/dummy/settings"
            >
              <span
                class="bp3-icon bp3-icon-cog StyledProps--main StyledProps--padding-right-xsmall StyledProps--color StyledProps--color-primary7"
                icon="cog"
              >
                <svg
                  data-icon="cog"
                  height="16"
                  viewBox="0 0 16 16"
                  width="16"
                >
                  <desc>
                    cog
                  </desc>
                  <path
                    d="M15.19 6.39h-1.85c-.11-.37-.27-.71-.45-1.04l1.36-1.36c.31-.31.31-.82 0-1.13l-1.13-1.13a.803.803 0 00-1.13 0l-1.36 1.36c-.33-.17-.67-.33-1.04-.44V.79c0-.44-.36-.8-.8-.8h-1.6c-.44 0-.8.36-.8.8v1.86c-.39.12-.75.28-1.1.47l-1.3-1.3c-.3-.3-.79-.3-1.09 0L1.82 2.91c-.3.3-.3.79 0 1.09l1.3 1.3c-.2.34-.36.7-.48 1.09H.79c-.44 0-.8.36-.8.8v1.6c0 .44.36.8.8.8h1.85c.11.37.27.71.45 1.04l-1.36 1.36c-.31.31-.31.82 0 1.13l1.13 1.13c.31.31.82.31 1.13 0l1.36-1.36c.33.18.67.33 1.04.44v1.86c0 .44.36.8.8.8h1.6c.44 0 .8-.36.8-.8v-1.86c.39-.12.75-.28 1.1-.47l1.3 1.3c.3.3.79.3 1.09 0l1.09-1.09c.3-.3.3-.79 0-1.09l-1.3-1.3c.19-.35.36-.71.48-1.1h1.85c.44 0 .8-.36.8-.8v-1.6a.816.816 0 00-.81-.79zm-7.2 4.6c-1.66 0-3-1.34-3-3s1.34-3 3-3 3 1.34 3 3-1.34 3-3 3z"
                    fill-rule="evenodd"
                  />
                </svg>
              </span>
              <p
                class="StyledProps--font StyledProps--main StyledProps--intent-primary StyledProps--font-size-small"
              >
                common.accountSettings
              </p>
            </a>
            <span
              class="bp3-icon StyledProps--main StyledProps--color StyledProps--color-grey500 StyledProps--padding-right-xsmall StyledProps--padding-left-xsmall"
              data-icon="main-chevron-right"
            >
              <svg
                height="8"
                viewBox="0 0 8 14"
                width="8"
                xmlns="http://www.w3.org/2000/svg"
              >
                <path
                  d="M7.7 6.3l-6-6C1.5.1 1.3 0 1 0 .4 0 0 .4 0 1c0 .3.1.5.3.7L5.6 7 .3 12.3c-.2.2-.3.4-.3.7 0 .6.4 1 1 1 .3 0 .5-.1.7-.3l6-6c.2-.2.3-.4.3-.7s-.1-.5-.3-.7z"
                  fill="#4d5969"
                />
              </svg>
            </span>
          </div>
          <div
            class="Layout--horizontal StyledProps--main StyledProps--flex StyledProps--flex-align-center-center StyledProps--flex-justifyContent-flex-start"
          >
            <a
              class="Breadcrumbs--breadcrumb"
              href="/account/dummy/settings/access-control/roles"
            >
              <p
                class="StyledProps--font StyledProps--main StyledProps--intent-primary StyledProps--font-size-small"
              >
                accessControl: roles
              </p>
            </a>
            <span
              class="bp3-icon StyledProps--main StyledProps--color StyledProps--color-grey500 StyledProps--padding-right-xsmall StyledProps--padding-left-xsmall"
              data-icon="main-chevron-right"
            >
              <svg
                height="8"
                viewBox="0 0 8 14"
                width="8"
                xmlns="http://www.w3.org/2000/svg"
              >
                <path
                  d="M7.7 6.3l-6-6C1.5.1 1.3 0 1 0 .4 0 0 .4 0 1c0 .3.1.5.3.7L5.6 7 .3 12.3c-.2.2-.3.4-.3.7 0 .6.4 1 1 1 .3 0 .5-.1.7-.3l6-6c.2-.2.3-.4.3-.7s-.1-.5-.3-.7z"
                  fill="#4d5969"
                />
              </svg>
            </span>
          </div>
        </div>
      </div>
      <div
        class="Layout--horizontal Layout--layout-spacing-medium StyledProps--main StyledProps--flex StyledProps--flex-alignItems-center StyledProps--flex-justifyContent-flex-start"
      >
        <span
          class="bp3-icon StyledProps--main"
          data-icon="customRole"
        >
          <svg
            fill="none"
            height="40"
            viewBox="0 0 37 37"
            width="40"
            xmlns="http://www.w3.org/2000/svg"
          >
            <path
              d="M34.898 16.867h-5.157c-.582-5.545-5.002-9.965-10.547-10.547V1.163C19.194.504 18.69 0 18.03 0c-.66 0-1.164.504-1.164 1.163V6.32c-5.545.582-9.965 5.002-10.547 10.547H1.163c-.659 0-1.163.504-1.163 1.164 0 .659.504 1.163 1.163 1.163H6.32c.582 5.545 5.002 9.965 10.547 10.547v5.157c0 .66.504 1.163 1.164 1.163.659 0 1.163-.504 1.163-1.163v-5.157c5.545-.582 9.965-5.002 10.547-10.547h5.157c.66 0 1.163-.504 1.163-1.163 0-.66-.504-1.164-1.163-1.164zM19.194 27.375v-4.032c0-.66-.504-1.163-1.163-1.163-.66 0-1.164.504-1.164 1.163v4.032a9.464 9.464 0 01-8.181-8.181h4.032c.66 0 1.164-.504 1.164-1.163 0-.66-.505-1.164-1.164-1.164H8.686a9.464 9.464 0 018.181-8.181v4.032c0 .66.504 1.164 1.164 1.164.659 0 1.163-.504 1.163-1.164V8.686a9.464 9.464 0 018.181 8.181h-4.032c-.66 0-1.163.504-1.163 1.164 0 .659.504 1.163 1.163 1.163h4.032a9.464 9.464 0 01-8.181 8.181z"
              fill="#6374D0"
            />
          </svg>
        </span>
        <div
          class="Layout--vertical Layout--layout-spacing-xsmall StyledProps--main details StyledProps--padding-left-medium"
        >
          <p
            class="StyledProps--font StyledProps--main StyledProps--color StyledProps--color-black StyledProps--font-medium"
          >
            name
          </p>
          <p
            class="StyledProps--font Text--lineclamp StyledProps--main"
            style="--text-line-clamp: 2;"
          >
            description
          </p>
          <div
            class="Layout--horizontal StyledProps--main StyledProps--padding-top-small"
          >
            <div
              class="Layout--horizontal Layout--layout-spacing-xsmall StyledProps--main"
            >
              <span
                class="Tag--main"
              >
                <span
                  class="bp3-tag"
                  style="max-width: 120px;"
                >
                  <span
                    class="bp3-text-overflow-ellipsis bp3-fill"
                  >
                    ui
                  </span>
                </span>
              </span>
              <span
                class="Tag--main"
              >
                <span
                  class="bp3-tag"
                  style="max-width: 120px;"
                >
                  <span
                    class="bp3-text-overflow-ellipsis bp3-fill"
                  >
                    dev
                  </span>
                </span>
              </span>
            </div>
          </div>
        </div>
      </div>
    </div>
    <div
      class="Layout--horizontal StyledProps--main StyledProps--flex"
    >
      <div
        class="Layout--vertical Layout--layout-spacing-xsmall StyledProps--main StyledProps--padding-right-small StyledProps--border StyledProps--border-right StyledProps--border-color-grey300"
      >
        <p
          class="StyledProps--font StyledProps--main"
        >
          created
        </p>
        dummy date
      </div>
      <div
        class="Layout--vertical Layout--layout-spacing-xsmall StyledProps--main StyledProps--padding-left-small"
      >
        <p
          class="StyledProps--font StyledProps--main"
        >
          lastUpdated
        </p>
        dummy date
      </div>
    </div>
  </div>
  <div
    class="StyledProps--font StyledProps--main PageBody--pageBody"
    data-name="page-body"
  >
    <div
      class="Layout--horizontal StyledProps--main body"
    >
      <div
        class="StyledProps--font StyledProps--main resourceList"
      >
        <div
          class="Layout--vertical Layout--layout-spacing-small StyledProps--main StyledProps--flex"
        >
          <div
            class="bp3-card bp3-interactive bp3-elevation-0 Card--card card Card--interactive"
            data-testid="resourceCard-ADMINSTRATIVE_FUNCTIONS"
            tabindex="0"
          >
            <div
              class="Layout--horizontal Layout--layout-spacing-small StyledProps--main StyledProps--flex"
            >
              <span
                class="bp3-icon StyledProps--main"
                data-icon="nav-project"
              >
                <svg
                  height="20"
                  viewBox="0 0 22 22"
                  width="20"
                  xmlns="http://www.w3.org/2000/svg"
                >
                  <path
                    d="M1.1 4.583L11 0l9.9 4.583v12.834L11 22l-9.9-4.583zm9 5.171l-7.2-3.33v9.811l7.2 3.338V9.754zm9 6.481V6.424l-7.2 3.33v9.819zm-1.462-11.15L11 2.012 4.362 5.085 11 8.157z"
                    fill="#56778d"
                  />
                </svg>
              </span>
              <p
                class="StyledProps--font StyledProps--main StyledProps--color StyledProps--color-black"
              >
                adminFunctions
                 
              </p>
            </div>
          </div>
          <div
            class="bp3-card bp3-interactive bp3-elevation-0 Card--card card Card--interactive"
            data-testid="resourceCard-SHARED_RESOURCES"
            tabindex="0"
          >
            <div
              class="Layout--horizontal Layout--layout-spacing-small StyledProps--main StyledProps--flex"
            >
              <span
                class="bp3-icon StyledProps--main"
                data-icon="nav-project"
              >
                <svg
                  height="20"
                  viewBox="0 0 22 22"
                  width="20"
                  xmlns="http://www.w3.org/2000/svg"
                >
                  <path
                    d="M1.1 4.583L11 0l9.9 4.583v12.834L11 22l-9.9-4.583zm9 5.171l-7.2-3.33v9.811l7.2 3.338V9.754zm9 6.481V6.424l-7.2 3.33v9.819zm-1.462-11.15L11 2.012 4.362 5.085 11 8.157z"
                    fill="#56778d"
                  />
                </svg>
              </span>
              <p
                class="StyledProps--font StyledProps--main StyledProps--color StyledProps--color-black"
              >
                rbac.categoryLabels.sharedResources
                 
              </p>
            </div>
          </div>
        </div>
      </div>
      <div
        class="StyledProps--font StyledProps--main permissionListContainer StyledProps--padding-large"
      >
        <div
          class="Layout--vertical StyledProps--main"
        >
          <div
            class="Layout--horizontal Layout--layout-spacing-medium StyledProps--main StyledProps--flex StyledProps--padding-medium"
          >
            <p
              class="StyledProps--font StyledProps--main StyledProps--color StyledProps--color-black StyledProps--font-size-medium StyledProps--font-weight-semi-bold StyledProps--padding-left-medium"
            >
              rbac.roleDetails.updateRolePermissions
            </p>
            <div
              class="Layout--horizontal Layout--layout-spacing-small StyledProps--main StyledProps--flex StyledProps--flex-justifyContent-flex-end"
            >
              <button
                class="bp3-button bp3-disabled Button--button StyledProps--font StyledProps--main Button--with-current-color Button--variation Button--variation-primary"
                disabled=""
                tabindex="-1"
                type="button"
              >
                <span
                  class="bp3-button-text"
                >
                  applyChanges
                </span>
              </button>
            </div>
          </div>
          <div>
            <div
              class="bp3-card bp3-elevation-0 Card--card card"
            >
              <div
                class="Layout--vertical StyledProps--main StyledProps--padding-small"
                style="width: 100%;"
              >
                <div
                  class="Layout--horizontal StyledProps--main permissionRow"
                  style="width: 100%;"
                >
                  <div
                    class="Layout--horizontal Layout--layout-spacing-medium StyledProps--main center"
                  >
                    <span
                      class="bp3-icon StyledProps--main"
                      data-icon="nav-project"
                    >
                      <svg
                        height="30"
                        viewBox="0 0 22 22"
                        width="30"
                        xmlns="http://www.w3.org/2000/svg"
                      >
                        <path
                          d="M1.1 4.583L11 0l9.9 4.583v12.834L11 22l-9.9-4.583zm9 5.171l-7.2-3.33v9.811l7.2 3.338V9.754zm9 6.481V6.424l-7.2 3.33v9.819zm-1.462-11.15L11 2.012 4.362 5.085 11 8.157z"
                          fill="#56778d"
                        />
                      </svg>
                    </span>
                    <p
                      class="StyledProps--font StyledProps--main StyledProps--color StyledProps--color-black StyledProps--font-weight-semi-bold"
                    >
                      adminFunctions
                    </p>
                  </div>
                </div>
                <div
                  class="Layout--vertical StyledProps--main StyledProps--padding-top-large"
                >
                  <div
                    class="permissionRow groupRow"
                  >
                    <p
                      class="StyledProps--font StyledProps--main StyledProps--color StyledProps--color-black StyledProps--padding-left-large"
                    >
                      orgsText
                    </p>
                    <div
                      class="permissionList"
                    >
                      <label
                        class="bp3-control bp3-checkbox StyledProps--font Checkbox--checkbox checkbox StyledProps--main"
                      >
                        <input
                          data-testid="checkBox-ORGANIZATION-view"
                          type="checkbox"
                        />
                        <span
                          class="bp3-control-indicator"
                        />
                        <span>
                          rbac.permissionLabels.view
                        </span>
                      </label>
                    </div>
                  </div>
                  <div
                    class="permissionRow groupRow"
                  >
                    <p
                      class="StyledProps--font StyledProps--main StyledProps--color StyledProps--color-black StyledProps--padding-left-large"
                    >
                      projectsText
                    </p>
                    <div
                      class="permissionList"
                    />
                  </div>
                </div>
              </div>
            </div>
          </div>
          <div>
            <div
              class="bp3-card bp3-elevation-0 Card--card card"
            >
              <div
                class="Layout--vertical StyledProps--main StyledProps--padding-small"
                style="width: 100%;"
              >
                <div
                  class="Layout--horizontal StyledProps--main permissionRow"
                  style="width: 100%;"
                >
                  <div
                    class="Layout--horizontal Layout--layout-spacing-medium StyledProps--main center"
                  >
                    <span
                      class="bp3-icon StyledProps--main"
                      data-icon="nav-project"
                    >
                      <svg
                        height="30"
                        viewBox="0 0 22 22"
                        width="30"
                        xmlns="http://www.w3.org/2000/svg"
                      >
                        <path
                          d="M1.1 4.583L11 0l9.9 4.583v12.834L11 22l-9.9-4.583zm9 5.171l-7.2-3.33v9.811l7.2 3.338V9.754zm9 6.481V6.424l-7.2 3.33v9.819zm-1.462-11.15L11 2.012 4.362 5.085 11 8.157z"
                          fill="#56778d"
                        />
                      </svg>
                    </span>
                    <p
                      class="StyledProps--font StyledProps--main StyledProps--color StyledProps--color-black StyledProps--font-weight-semi-bold"
                    >
                      rbac.categoryLabels.sharedResources
                    </p>
                  </div>
                </div>
                <div
                  class="Layout--vertical StyledProps--main StyledProps--padding-top-large"
                >
                  <div
                    class="permissionRow groupRow"
                  >
                    <p
                      class="StyledProps--font StyledProps--main StyledProps--color StyledProps--color-black StyledProps--padding-left-large"
                    >
                      common.secrets
                    </p>
                  </div>
                  <div
                    class="permissionRow groupRow"
                  >
                    <p
                      class="StyledProps--font StyledProps--main StyledProps--color StyledProps--color-black StyledProps--padding-left-large"
                    >
                      connectorsLabel
                    </p>
                  </div>
                  <div
                    class="permissionRow groupRow"
                  >
                    <p
                      class="StyledProps--font StyledProps--main StyledProps--color StyledProps--color-black StyledProps--padding-left-large"
                    >
                      delegate.delegates
                    </p>
                  </div>
                </div>
              </div>
            </div>
          </div>
        </div>
      </div>
    </div>
  </div>
</div>
`;
