// Jest Snapshot v1, https://goo.gl/fbAQLP

exports[`Audit trail Page render 1`] = `
<div>
  <div
    class="Layout--horizontal StyledProps--main PageHeader--container PageHeader--standard StyledProps--flex StyledProps--padding-left-xlarge StyledProps--padding-right-xlarge StyledProps--background-white"
  >
    <div
      class="Layout--vertical StyledProps--main"
    >
      <div
        class="PageHeader--breadcrumbsDiv"
      >
        <div
          class="Layout--horizontal StyledProps--main Breadcrumbs--breadcrumbs StyledProps--flex StyledProps--flex-align-center-center StyledProps--flex-justifyContent-flex-start"
        >
          <div
            class="Layout--horizontal StyledProps--main StyledProps--flex StyledProps--flex-align-center-center StyledProps--flex-justifyContent-flex-start"
          >
            <a
              class="Breadcrumbs--breadcrumb"
              href="/account/testAcc/settings"
            >
              <span
                class="bp3-icon bp3-icon-cog StyledProps--main StyledProps--padding-right-xsmall StyledProps--color StyledProps--color-primary7"
                icon="cog"
              >
                <svg
                  data-icon="cog"
                  height="16"
                  viewBox="0 0 16 16"
                  width="16"
                >
                  <desc>
                    cog
                  </desc>
                  <path
                    d="M15.19 6.39h-1.85c-.11-.37-.27-.71-.45-1.04l1.36-1.36c.31-.31.31-.82 0-1.13l-1.13-1.13a.803.803 0 00-1.13 0l-1.36 1.36c-.33-.17-.67-.33-1.04-.44V.79c0-.44-.36-.8-.8-.8h-1.6c-.44 0-.8.36-.8.8v1.86c-.39.12-.75.28-1.1.47l-1.3-1.3c-.3-.3-.79-.3-1.09 0L1.82 2.91c-.3.3-.3.79 0 1.09l1.3 1.3c-.2.34-.36.7-.48 1.09H.79c-.44 0-.8.36-.8.8v1.6c0 .44.36.8.8.8h1.85c.11.37.27.71.45 1.04l-1.36 1.36c-.31.31-.31.82 0 1.13l1.13 1.13c.31.31.82.31 1.13 0l1.36-1.36c.33.18.67.33 1.04.44v1.86c0 .44.36.8.8.8h1.6c.44 0 .8-.36.8-.8v-1.86c.39-.12.75-.28 1.1-.47l1.3 1.3c.3.3.79.3 1.09 0l1.09-1.09c.3-.3.3-.79 0-1.09l-1.3-1.3c.19-.35.36-.71.48-1.1h1.85c.44 0 .8-.36.8-.8v-1.6a.816.816 0 00-.81-.79zm-7.2 4.6c-1.66 0-3-1.34-3-3s1.34-3 3-3 3 1.34 3 3-1.34 3-3 3z"
                    fill-rule="evenodd"
                  />
                </svg>
              </span>
              <p
                class="StyledProps--font StyledProps--main StyledProps--intent-primary StyledProps--font-size-small"
              >
                common.accountSettings
              </p>
            </a>
            <span
              class="bp3-icon StyledProps--main StyledProps--color StyledProps--color-grey500 StyledProps--padding-right-xsmall StyledProps--padding-left-xsmall"
              data-icon="main-chevron-right"
            >
              <svg
                height="8"
                viewBox="0 0 8 14"
                width="8"
                xmlns="http://www.w3.org/2000/svg"
              >
                <path
                  d="M7.7 6.3l-6-6C1.5.1 1.3 0 1 0 .4 0 0 .4 0 1c0 .3.1.5.3.7L5.6 7 .3 12.3c-.2.2-.3.4-.3.7 0 .6.4 1 1 1 .3 0 .5-.1.7-.3l6-6c.2-.2.3-.4.3-.7s-.1-.5-.3-.7z"
                  fill="#4d5969"
                />
              </svg>
            </span>
          </div>
        </div>
      </div>
      <div
        class="Layout--horizontal StyledProps--main"
      >
        <p
          class="StyledProps--font StyledProps--main StyledProps--font-variation-h4"
        >
          account common.auditTrail
        </p>
      </div>
    </div>
  </div>
  <div
    class="Layout--horizontal StyledProps--main PageSubHeader--container subHeaderContainer StyledProps--flex"
  >
    <div
      class="Layout--horizontal StyledProps--main subHeader StyledProps--flex"
    >
      <span
        class="bp3-popover-wrapper"
      >
        <span
          class="bp3-popover-target"
        >
          <button
            class="bp3-button bp3-minimal Button--button StyledProps--font StyledProps--main dateRange Button--with-current-color Button--without-shadow Button--withRightIcon"
            type="button"
          >
            <span
              class="bp3-button-text"
            >
              common.last7days
            </span>
            <span
              class="bp3-icon bp3-icon-calendar StyledProps--main"
              icon="calendar"
            >
              <svg
                data-icon="calendar"
                height="16"
                viewBox="0 0 16 16"
                width="16"
              >
                <desc>
                  calendar
                </desc>
                <path
                  d="M11 3c.6 0 1-.5 1-1V1c0-.6-.4-1-1-1s-1 .4-1 1v1c0 .5.4 1 1 1zm3-2h-1v1c0 1.1-.9 2-2 2s-2-.9-2-2V1H6v1c0 1.1-.9 2-2 2s-2-.9-2-2V1H1c-.6 0-1 .5-1 1v12c0 .6.4 1 1 1h13c.6 0 1-.4 1-1V2c0-.6-.5-1-1-1zM5 13H2v-3h3v3zm0-4H2V6h3v3zm4 4H6v-3h3v3zm0-4H6V6h3v3zm4 4h-3v-3h3v3zm0-4h-3V6h3v3zM4 3c.6 0 1-.5 1-1V1c0-.6-.4-1-1-1S3 .4 3 1v1c0 .5.4 1 1 1z"
                  fill-rule="evenodd"
                />
              </svg>
            </span>
          </button>
        </span>
      </span>
      <div
        class="Layout--horizontal StyledProps--main StyledProps--flex"
      >
        <div
          class="bp3-popover-wrapper DropDown--main"
        >
          <div
            class="bp3-popover-target"
          >
            <div
              class=""
            >
              <div
                class="Layout--horizontal StyledProps--main DropDown--dropdownButton DropDown--withBorder DropDown--minWidth StyledProps--flex"
                data-testid="filter-select"
                style="min-width: 220px;"
              >
                <div
                  class="Layout--horizontal StyledProps--main DropDown--labelWrapper StyledProps--flex"
                >
                  <p
                    class="StyledProps--font Text--lineclamp StyledProps--main DropDown--label"
                    data-testid="dropdown-value"
                    style="--text-line-clamp: 1;"
                  >
                    filters.selectFilter
                  </p>
                </div>
                <div
                  class="Layout--horizontal StyledProps--main DropDown--btnWrapper StyledProps--flex"
                >
                  <span
                    class="bp3-icon StyledProps--main StyledProps--color StyledProps--color-grey400"
                    data-icon="main-chevron-down"
                  >
                    <svg
                      height="8"
                      viewBox="0 0 14 8"
                      width="8"
                      xmlns="http://www.w3.org/2000/svg"
                    >
                      <path
                        d="M13 0c-.3 0-.5.1-.7.3L7 5.6 1.7.3C1.5.1 1.3 0 1 0 .4 0 0 .4 0 1c0 .3.1.5.3.7l6 6c.2.2.4.3.7.3s.5-.1.7-.3l6-6c.2-.2.3-.4.3-.7 0-.6-.4-1-1-1z"
                        fill="#4d5969"
                      />
                    </svg>
                  </span>
                </div>
              </div>
            </div>
          </div>
        </div>
        <div
          class="filterButtonContainer"
        >
          <button
            class="bp3-button bp3-minimal Button--button StyledProps--font StyledProps--main ngFilter StyledProps--intent-primary Button--with-current-color Button--without-shadow Button--withLeftIcon"
            id="ngfilterbtn"
            type="button"
          >
            <span
              class="bp3-icon StyledProps--main"
              data-icon="ng-filter"
            >
              <svg
                height="22"
                viewBox="0 0 24 24"
                width="22"
                xmlns="http://www.w3.org/2000/svg"
              >
                <path
                  clip-rule="evenodd"
                  d="M16.5 8V7H19a.5.5 0 000-1h-2.5V5a.5.5 0 00-1 0v1H5a.5.5 0 000 1h10.5v1a.5.5 0 001 0zM5 11.5h3v-1a.5.5 0 011 0v1h10a.5.5 0 010 1H9v1a.5.5 0 01-1 0v-1H5a.5.5 0 010-1zM5 17a.5.5 0 000 1h7v1a.5.5 0 001 0v-1h6a.5.5 0 000-1h-6v-1a.5.5 0 00-1 0v1H5z"
                  fill="currentColor"
                  fill-rule="evenodd"
                />
              </svg>
            </span>
          </button>
        </div>
        <div
          class="Layout--horizontal StyledProps--main"
        />
      </div>
    </div>
  </div>
  <div
    class="StyledProps--font StyledProps--main PageBody--pageBody pageBody"
    data-name="page-body"
  >
    <div
      class="StyledProps--font StyledProps--main PageSpinner--spinner StyledProps--flex StyledProps--flex-align-center-center"
    >
      <div
        class="Layout--vertical Layout--layout-spacing-medium StyledProps--main PageSpinner--content"
        style="align-items: center; width: 500px;"
      >
        <span
          class="bp3-icon StyledProps--main StyledProps--color StyledProps--color-grey600"
          data-icon="steps-spinner"
        >
          <svg
            height="32"
            viewBox="0 0 128 128"
            width="32"
            xmlns="http://www.w3.org/2000/svg"
          >
            <g>
              <path
                d="M122.5 69.25H96.47a33.1 33.1 0 000-10.5h26.05a5.25 5.25 0 010 10.5z"
                fill="#ff8e02"
              />
              <path
                d="M112.04 97.83L89.47 84.8a33.1 33.1 0 005.25-9.1l22.57 13.03a5.25 5.25 0 01-5.28 9.1zM88.68 117.35L75.65 94.78a33.1 33.1 0 009.1-5.25l13.02 22.57a5.25 5.25 0 11-9.1 5.25zM58.7 122.57V96.5a33.1 33.1 0 0010.5 0v26.07a5.25 5.25 0 01-10.5 0zM30.1 112.1l13.04-22.57a33.1 33.1 0 009.1 5.25L39.2 117.35a5.25 5.25 0 11-9.1-5.25zM10.6 88.74L33.16 75.7a33.1 33.1 0 005.25 9.1L15.88 97.83a5.25 5.25 0 11-5.25-9.1z"
                fill="#ffddb3"
                fill-opacity="0.3"
              />
              <path
                d="M5.37 58.75h26.06a33.1 33.1 0 000 10.5H5.37a5.25 5.25 0 010-10.5z"
                fill="#ffd29a"
                fill-opacity="0.4"
              />
              <path
                d="M15.85 30.17L38.4 43.2a33.1 33.1 0 00-5.24 9.1L10.6 39.25a5.25 5.25 0 115.25-9.1z"
                fill="#ffc680"
                fill-opacity="0.5"
              />
              <path
                d="M39.2 10.65l13.03 22.57a33.1 33.1 0 00-9.1 5.25l-13-22.57a5.25 5.25 0 119.1-5.25z"
                fill="#ffbb67"
                fill-opacity="0.6"
              />
              <path
                d="M69.2 5.43V31.5a33.1 33.1 0 00-10.5 0V5.42a5.25 5.25 0 1110.5 0z"
                fill="#ffb04d"
                fill-opacity="0.7"
              />
              <path
                d="M97.77 15.9L84.75 38.47a33.1 33.1 0 00-9.1-5.25l13.03-22.57a5.25 5.25 0 119.1 5.25z"
                fill="#ffa535"
                fill-opacity="0.8"
              />
              <path
                d="M117.3 39.26L94.7 52.3a33.1 33.1 0 00-5.25-9.1l22.57-13.03a5.25 5.25 0 015.25 9.1z"
                fill="#ff991b"
                fill-opacity="0.9"
              />
              <animatetransform
                attributeName="transform"
                calcMode="discrete"
                dur="1200ms"
                repeatCount="indefinite"
                type="rotate"
                values="0 64 64;30 64 64;60 64 64;90 64 64;120 64 64;150 64 64;180 64 64;210 64 64;240 64 64;270 64 64;300 64 64;330 64 64"
              />
            </g>
          </svg>
        </span>
        <p
          class="StyledProps--font StyledProps--main StyledProps--font-size-medium StyledProps--font-align-center StyledProps--color StyledProps--color-grey600"
        >
          Loading, please wait...
        </p>
      </div>
    </div>
  </div>
</div>
`;
