// Jest Snapshot v1, https://goo.gl/fbAQLP

exports[`<AdvancedSteps /> tests snapshot test 1`] = `
<div>
  <div
    class="OverlaySpinner--overlaySpinner"
  >
    <form
      class="FormikForm--main form"
    >
      <div>
        <div>
          <div
            class="Accordion--accordion"
          >
            <div
              class="Accordion--panel"
              data-open="true"
              data-testid="delegateSelectors-panel"
            >
              <div
                class="Accordion--summary"
                data-testid="delegateSelectors-summary"
              >
                <div
                  class="Accordion--label"
                >
                  delegate.DelegateSelector
                </div>
                <div
                  class="Accordion--chevron"
                />
              </div>
              <div
                class="bp3-collapse Accordion--collapse"
                style="height: auto; overflow-y: visible; transition: none;"
              >
                <div
                  aria-hidden="false"
                  class="bp3-collapse-body"
                  style="transform: translateY(0); transition: none;"
                >
                  <div
                    class="Accordion--details"
                    data-testid="delegateSelectors-details"
                  >
                    <div
                      class="bp3-form-group"
                      data-id="undefined-0"
                    >
                      <div
                        class="bp3-form-content"
                      >
                        <div
                          class="Layout--horizontal StyledProps--main MultiTypeInput--main"
                          style="flex-grow: 1;"
                        >
                          <div
                            class="wrapper wrapper"
                            data-name="DelegateSelectors"
                          >
                            <div
                              class="bp3-popover-wrapper delegateInput delegatePopover bp3-fill"
                            >
                              <div
                                class="bp3-popover-target"
                              >
                                <div
                                  class=""
                                >
                                  <div
                                    class="bp3-input bp3-tag-input bp3-fill bp3-multi-select"
                                  >
                                    <div
                                      class="bp3-tag-input-values"
                                    >
                                      <input
                                        class="bp3-input-ghost bp3-multi-select-tag-input-input"
                                        placeholder="delegate.Delegate_Selector_placeholder"
                                        value=""
                                      />
                                    </div>
                                  </div>
                                </div>
                              </div>
                            </div>
                          </div>
                          <span
                            class="bp3-popover-wrapper MultiTypeInput--wrapper"
                          >
                            <span
                              class="bp3-popover-target"
                            >
                              <button
                                class="MultiTypeInput--btn MultiTypeInput--FIXED"
                              >
                                <span
                                  class="bp3-icon StyledProps--main"
                                  data-icon="fixed-input"
                                >
                                  <svg
                                    height="12"
                                    viewBox="0 0 9 9"
                                    width="12"
                                    xmlns="http://www.w3.org/2000/svg"
                                  >
                                    <path
                                      d="M5.61 7.55c.62-.7.3-1.42.18-2.35a.32.32 0 01.1-.29l1.43-1.42a.76.76 0 01.28-.15c.39-.1 1 0 1.28-.29a.34.34 0 000-.51L6.46.12a.33.33 0 00-.52 0c-.28.29-.2.9-.28 1.3a.53.53 0 01-.13.23L4.09 3.12a.29.29 0 01-.28.09c-.89-.11-1.6-.49-2.27.11-.29.26-.29.43 0 .7l1.31 1.34.15.16-.15.15-2.7 2.69a.36.36 0 000 .54.36.36 0 00.54-.05l2.63-2.68.17-.17.17.16c.45.46.9.91 1.36 1.36.21.21.42.22.59.03z"
                                      fill="currentColor"
                                    />
                                  </svg>
                                </span>
                              </button>
                            </span>
                          </span>
                        </div>
                      </div>
                    </div>
                  </div>
                </div>
              </div>
            </div>
            <div
              class="Accordion--panel"
              data-open="false"
              data-testid="conditionalExecution-panel"
            >
              <div
                class="Accordion--summary"
                data-testid="conditionalExecution-summary"
              >
                <div
                  class="Accordion--label"
                >
                  pipeline.conditionalExecution.title
                </div>
                <div
                  class="Accordion--chevron"
                />
              </div>
              <div
                class="bp3-collapse Accordion--collapse"
              >
                <div
                  aria-hidden="false"
                  class="bp3-collapse-body"
                  style="transform: translateY(-undefinedpx);"
                />
              </div>
            </div>
            <div
              class="Accordion--panel"
              data-open="false"
              data-testid="failureStrategy-panel"
            >
              <div
                class="Accordion--summary"
                data-testid="failureStrategy-summary"
              >
                <div
                  class="Accordion--label"
                >
                  pipeline.failureStrategies.title
                </div>
                <div
                  class="Accordion--chevron"
                />
              </div>
              <div
                class="bp3-collapse Accordion--collapse"
              >
                <div
                  aria-hidden="false"
                  class="bp3-collapse-body"
                  style="transform: translateY(-undefinedpx);"
                />
              </div>
            </div>
          </div>
        </div>
      </div>
    </form>
  </div>
</div>
`;
