// Jest Snapshot v1, https://goo.gl/fbAQLP

exports[`CVSLOsListingPage Risk filter select and deselect 1`] = `
<div>
  <div
    class="Layout--horizontal StyledProps--main PageHeader--container PageHeader--standard StyledProps--flex StyledProps--padding-left-xlarge StyledProps--padding-right-xlarge StyledProps--background-white"
  >
    <div
      class="Layout--vertical StyledProps--main"
    >
      <div
        class="PageHeader--breadcrumbsDiv"
      >
        <div
          class="Layout--horizontal StyledProps--main Breadcrumbs--breadcrumbs StyledProps--flex StyledProps--flex-align-center-center StyledProps--flex-justifyContent-flex-start"
        >
          <div
            class="Layout--horizontal StyledProps--main StyledProps--flex StyledProps--flex-align-center-center StyledProps--flex-justifyContent-flex-start"
          >
            <a
              class="Breadcrumbs--breadcrumb"
              href="/account/account_id/settings"
            >
              <span
                class="bp3-icon bp3-icon-cog StyledProps--main StyledProps--padding-right-xsmall StyledProps--color StyledProps--color-primary7"
                icon="cog"
              >
                <svg
                  data-icon="cog"
                  height="16"
                  viewBox="0 0 16 16"
                  width="16"
                >
                  <desc>
                    cog
                  </desc>
                  <path
                    d="M15.19 6.39h-1.85c-.11-.37-.27-.71-.45-1.04l1.36-1.36c.31-.31.31-.82 0-1.13l-1.13-1.13a.803.803 0 00-1.13 0l-1.36 1.36c-.33-.17-.67-.33-1.04-.44V.79c0-.44-.36-.8-.8-.8h-1.6c-.44 0-.8.36-.8.8v1.86c-.39.12-.75.28-1.1.47l-1.3-1.3c-.3-.3-.79-.3-1.09 0L1.82 2.91c-.3.3-.3.79 0 1.09l1.3 1.3c-.2.34-.36.7-.48 1.09H.79c-.44 0-.8.36-.8.8v1.6c0 .44.36.8.8.8h1.85c.11.37.27.71.45 1.04l-1.36 1.36c-.31.31-.31.82 0 1.13l1.13 1.13c.31.31.82.31 1.13 0l1.36-1.36c.33.18.67.33 1.04.44v1.86c0 .44.36.8.8.8h1.6c.44 0 .8-.36.8-.8v-1.86c.39-.12.75-.28 1.1-.47l1.3 1.3c.3.3.79.3 1.09 0l1.09-1.09c.3-.3.3-.79 0-1.09l-1.3-1.3c.19-.35.36-.71.48-1.1h1.85c.44 0 .8-.36.8-.8v-1.6a.816.816 0 00-.81-.79zm-7.2 4.6c-1.66 0-3-1.34-3-3s1.34-3 3-3 3 1.34 3 3-1.34 3-3 3z"
                    fill-rule="evenodd"
                  />
                </svg>
              </span>
              <p
                class="StyledProps--font StyledProps--main StyledProps--intent-primary StyledProps--font-size-small"
              >
                common.accountSettings
              </p>
            </a>
            <span
              class="bp3-icon StyledProps--main StyledProps--color StyledProps--color-grey500 StyledProps--padding-right-xsmall StyledProps--padding-left-xsmall"
              data-icon="main-chevron-right"
            >
              <svg
                height="8"
                viewBox="0 0 8 14"
                width="8"
                xmlns="http://www.w3.org/2000/svg"
              >
                <path
                  d="M7.7 6.3l-6-6C1.5.1 1.3 0 1 0 .4 0 0 .4 0 1c0 .3.1.5.3.7L5.6 7 .3 12.3c-.2.2-.3.4-.3.7 0 .6.4 1 1 1 .3 0 .5-.1.7-.3l6-6c.2-.2.3-.4.3-.7s-.1-.5-.3-.7z"
                  fill="#4d5969"
                />
              </svg>
            </span>
          </div>
        </div>
      </div>
      <h2
        class="StyledProps--font StyledProps--font-h2 StyledProps--main StyledProps--color StyledProps--color-grey800 StyledProps--font-weight-bold"
        level="2"
      >
        cv.slos.title
      </h2>
    </div>
  </div>
  <div
    class="Layout--horizontal StyledProps--main PageHeader--container PageHeader--standard StyledProps--flex StyledProps--padding-left-xlarge StyledProps--padding-right-xlarge StyledProps--background-white"
  >
    <div
      class="Layout--vertical StyledProps--main"
    >
      <button
        class="bp3-button Button--button StyledProps--font StyledProps--main Button--with-current-color Button--withLeftIcon Button--variation Button--variation-primary"
        type="button"
      >
        <span
          class="bp3-icon bp3-icon-plus StyledProps--main StyledProps--padding-right-xsmall"
          icon="plus"
        >
          <svg
            data-icon="plus"
            height="16"
            viewBox="0 0 16 16"
            width="16"
          >
            <desc>
              plus
            </desc>
            <path
              d="M13 7H9V3c0-.55-.45-1-1-1s-1 .45-1 1v4H3c-.55 0-1 .45-1 1s.45 1 1 1h4v4c0 .55.45 1 1 1s1-.45 1-1V9h4c.55 0 1-.45 1-1s-.45-1-1-1z"
              fill-rule="evenodd"
            />
          </svg>
        </span>
        <span
          class="bp3-button-text"
        >
          cv.slos.newSLO
        </span>
      </button>
    </div>
  </div>
  <div
    class="StyledProps--font StyledProps--main PageBody--pageBody pageBody"
    data-name="page-body"
  >
    <div
      class="Layout--vertical StyledProps--main StyledProps--padding-top-medium StyledProps--padding-left-xlarge StyledProps--padding-right-xlarge StyledProps--padding-bottom-xlarge"
      style="height: 100%;"
    >
      <div
        class="Layout--horizontal StyledProps--main sloFiltersRow1"
      >
        <div
          class="StyledProps--font StyledProps--main"
        >
          <div
            class="Layout--horizontal StyledProps--main sloFilters"
          >
            <div
              class="Layout--vertical StyledProps--main StyledProps--margin-right-small"
              data-testid="userJourney-filter"
              style="width: 240px;"
            >
              <div
                class="bp3-popover-wrapper Select--main bp3-fill"
              >
                <div
                  class="bp3-popover-target"
                >
                  <div
                    class="bp3-input-group"
                  >
                    <input
                      autocomplete="off"
                      class="bp3-input"
                      placeholder="- Select -"
                      style="padding-right: 0px;"
                      type="text"
                      value="cv.slos.userJourney: all"
                    />
                    <span
                      class="bp3-input-action"
                    >
                      <span
                        class="bp3-icon bp3-icon-chevron-down StyledProps--main StyledProps--padding-small"
                        icon="chevron-down"
                      >
                        <svg
                          data-icon="chevron-down"
                          height="14"
                          viewBox="0 0 16 16"
                          width="14"
                        >
                          <desc>
                            chevron-down
                          </desc>
                          <path
                            d="M12 5c-.28 0-.53.11-.71.29L8 8.59l-3.29-3.3a1.003 1.003 0 00-1.42 1.42l4 4c.18.18.43.29.71.29s.53-.11.71-.29l4-4A1.003 1.003 0 0012 5z"
                            fill-rule="evenodd"
                          />
                        </svg>
                      </span>
                    </span>
                  </div>
                </div>
              </div>
            </div>
            <div
              class="Layout--vertical StyledProps--main StyledProps--margin-right-small"
              data-testid="monitoredServices-filter"
              style="width: 240px;"
            >
              <div
                class="bp3-popover-wrapper Select--main bp3-fill"
              >
                <div
                  class="bp3-popover-target"
                >
                  <div
                    class="bp3-input-group"
                  >
                    <input
                      autocomplete="off"
                      class="bp3-input"
                      placeholder="- Select -"
                      style="padding-right: 0px;"
                      type="text"
                      value="cv.monitoredServices.title: all"
                    />
                    <span
                      class="bp3-input-action"
                    >
                      <span
                        class="bp3-icon bp3-icon-chevron-down StyledProps--main StyledProps--padding-small"
                        icon="chevron-down"
                      >
                        <svg
                          data-icon="chevron-down"
                          height="14"
                          viewBox="0 0 16 16"
                          width="14"
                        >
                          <desc>
                            chevron-down
                          </desc>
                          <path
                            d="M12 5c-.28 0-.53.11-.71.29L8 8.59l-3.29-3.3a1.003 1.003 0 00-1.42 1.42l4 4c.18.18.43.29.71.29s.53-.11.71-.29l4-4A1.003 1.003 0 0012 5z"
                            fill-rule="evenodd"
                          />
                        </svg>
                      </span>
                    </span>
                  </div>
                </div>
              </div>
            </div>
            <div
              class="Layout--vertical StyledProps--main StyledProps--margin-right-small"
              data-testid="sloTargetAndBudget-filter"
              style="width: 240px;"
            >
              <div
                class="bp3-popover-wrapper Select--main bp3-fill"
              >
                <div
                  class="bp3-popover-target"
                >
                  <div
                    class="bp3-input-group"
                  >
                    <input
                      autocomplete="off"
                      class="bp3-input"
                      placeholder="- Select -"
                      style="padding-right: 0px;"
                      type="text"
                      value="cv.slos.sloTargetAndBudget.periodType: all"
                    />
                    <span
                      class="bp3-input-action"
                    >
                      <span
                        class="bp3-icon bp3-icon-chevron-down StyledProps--main StyledProps--padding-small"
                        icon="chevron-down"
                      >
                        <svg
                          data-icon="chevron-down"
                          height="14"
                          viewBox="0 0 16 16"
                          width="14"
                        >
                          <desc>
                            chevron-down
                          </desc>
                          <path
                            d="M12 5c-.28 0-.53.11-.71.29L8 8.59l-3.29-3.3a1.003 1.003 0 00-1.42 1.42l4 4c.18.18.43.29.71.29s.53-.11.71-.29l4-4A1.003 1.003 0 0012 5z"
                            fill-rule="evenodd"
                          />
                        </svg>
                      </span>
                    </span>
                  </div>
                </div>
              </div>
            </div>
            <div
              class="Layout--vertical StyledProps--main StyledProps--margin-right-small"
              data-testid="sliType-filter"
              style="width: 240px;"
            >
              <div
                class="bp3-popover-wrapper Select--main bp3-fill"
              >
                <div
                  class="bp3-popover-target"
                >
                  <div
                    class="bp3-input-group"
                  >
                    <input
                      autocomplete="off"
                      class="bp3-input"
                      placeholder="- Select -"
                      style="padding-right: 0px;"
                      type="text"
                      value="cv.slos.sliType: all"
                    />
                    <span
                      class="bp3-input-action"
                    >
                      <span
                        class="bp3-icon bp3-icon-chevron-down StyledProps--main StyledProps--padding-small"
                        icon="chevron-down"
                      >
                        <svg
                          data-icon="chevron-down"
                          height="14"
                          viewBox="0 0 16 16"
                          width="14"
                        >
                          <desc>
                            chevron-down
                          </desc>
                          <path
                            d="M12 5c-.28 0-.53.11-.71.29L8 8.59l-3.29-3.3a1.003 1.003 0 00-1.42 1.42l4 4c.18.18.43.29.71.29s.53-.11.71-.29l4-4A1.003 1.003 0 0012 5z"
                            fill-rule="evenodd"
                          />
                        </svg>
                      </span>
                    </span>
                  </div>
                </div>
              </div>
            </div>
          </div>
        </div>
      </div>
      <div
        class=""
      >
        <div
          class="bp3-card bp3-interactive bp3-elevation-0 Card--card sloRiskFilterCard Card--interactive"
          data-index="0"
          tabindex="0"
        >
          <p
            class="StyledProps--font StyledProps--main StyledProps--font-variation-form-help"
          >
            cv.slos.totalServices
          </p>
          <p
            class="StyledProps--font StyledProps--main StyledProps--color StyledProps--color-black StyledProps--font-variation-h2"
          >
            3
          </p>
        </div>
        <div
          class="bp3-card bp3-interactive bp3-elevation-0 Card--card sloRiskFilterCard Card--interactive"
          data-index="1"
          tabindex="0"
        >
          <p
            class="StyledProps--font StyledProps--main StyledProps--font-variation-form-help"
          >
            Healthy
          </p>
          <p
            class="StyledProps--font StyledProps--main StyledProps--color StyledProps--color-green500 StyledProps--font-variation-h2"
          >
            2
          </p>
        </div>
      </div>
      <hr />
      <div
        class="sloCardContainer"
        data-testid="slo-card-container"
      >
        <div
          class="bp3-card bp3-elevation-0 Card--card sloCard"
        >
          <span
            data-testid="slo-card-header"
          >
            <button>
              Delete
            </button>
          </span>
          <span
            data-testid="slo-card-content"
          />
        </div>
      </div>
      <span
        style="flex-grow: 1;"
      />
      <div
        class="Layout--horizontal StyledProps--main Pagination--container StyledProps--padding-top-medium StyledProps--padding-bottom-medium StyledProps--flex StyledProps--flex-align-center-center StyledProps--flex-distribution-space-between"
      >
        <span
          class="StyledProps--font StyledProps--main StyledProps--inline StyledProps--font-variation-small-semi"
        >
          1
           of 
          1
        </span>
        <div
          class="Layout--horizontal StyledProps--main"
        >
          <button
            class="bp3-button bp3-disabled Button--button StyledProps--font StyledProps--main Pagination--roundedButton Pagination--buttonLeft Button--with-current-color Button--withLeftIcon Button--size Button--small"
            disabled=""
            tabindex="-1"
            type="button"
          >
            <span
              class="bp3-icon bp3-icon-arrow-left StyledProps--main StyledProps--padding-right-xsmall"
              icon="arrow-left"
            >
              <svg
                data-icon="arrow-left"
                height="12"
                viewBox="0 0 16 16"
                width="12"
              >
                <desc>
                  arrow-left
                </desc>
                <path
                  d="M13.99 6.99H4.41L7.7 3.7a1.003 1.003 0 00-1.42-1.42l-5 5a1.014 1.014 0 000 1.42l5 5a1.003 1.003 0 001.42-1.42L4.41 8.99H14c.55 0 1-.45 1-1s-.46-1-1.01-1z"
                  fill-rule="evenodd"
                />
              </svg>
            </span>
            <span
              class="bp3-button-text"
            >
              Prev
            </span>
          </button>
          <button
            class="bp3-button bp3-disabled Button--button StyledProps--font StyledProps--main Pagination--roundedButton Pagination--selected Button--with-current-color"
            disabled=""
            tabindex="-1"
            type="button"
          >
            <span
              class="bp3-button-text"
            >
              1
            </span>
          </button>
          <button
            class="bp3-button bp3-disabled Button--button StyledProps--font StyledProps--main Pagination--roundedButton Pagination--buttonRight Button--with-current-color Button--withRightIcon Button--size Button--small"
            disabled=""
            tabindex="-1"
            type="button"
          >
            <span
              class="bp3-button-text"
            >
              Next
            </span>
            <span
              class="bp3-icon bp3-icon-arrow-right StyledProps--main"
              icon="arrow-right"
            >
              <svg
                data-icon="arrow-right"
                height="12"
                viewBox="0 0 16 16"
                width="12"
              >
                <desc>
                  arrow-right
                </desc>
                <path
                  d="M14.7 7.29l-5-5a.965.965 0 00-.71-.3 1.003 1.003 0 00-.71 1.71l3.29 3.29H1.99c-.55 0-1 .45-1 1s.45 1 1 1h9.59l-3.29 3.29a1.003 1.003 0 001.42 1.42l5-5c.18-.18.29-.43.29-.71s-.12-.52-.3-.7z"
                  fill-rule="evenodd"
                />
              </svg>
            </span>
          </button>
        </div>
        <span>
          Showing 4 per page
        </span>
      </div>
    </div>
  </div>
</div>
`;
