// Jest Snapshot v1, https://goo.gl/fbAQLP

exports[`CREATE MODE if form changesupdate the preview card: changed value should be present in the preview 1`] = `
<div>
  <div
    class="Layout--horizontal StyledProps--main"
  >
    <div
      class="StyledProps--font StyledProps--main basicDetails StyledProps--background-form StyledProps--padding-huge"
      style="width: 55%;"
    >
      <p
        class="StyledProps--font StyledProps--main StyledProps--color StyledProps--color-grey800 StyledProps--font-weight-bold StyledProps--font-size-medium StyledProps--margin-bottom-xlarge"
      >
        Some Title
      </p>
      <div
        class="OverlaySpinner--overlaySpinner"
      >
        <form
          class="FormikForm--main"
        >
          <div>
            <div
              class="Layout--vertical Layout--layout-spacing-huge StyledProps--main"
            >
              <div
                class="StyledProps--font StyledProps--main"
              >
                <div
                  class="Layout--vertical Layout--layout-spacing-small StyledProps--main"
                >
                  <div
                    class="StyledProps--font StyledProps--main"
                  >
                    <div
                      class="Layout--vertical StyledProps--main"
                    >
                      <div
                        class="StyledProps--font StyledProps--main main nameIdDescriptionTags"
                      >
                        <div
                          class="InputWithIdentifier--txtNameContainer TextInput--main"
                        >
                          <div
                            class="Layout--horizontal Layout--layout-spacing-xsmall StyledProps--main InputWithIdentifier--txtIdContainer"
                          >
                            <div
                              class="Text--withDocsTooltip"
                              data-tooltip-id="createStepTemplate_identifier"
                            >
                              <p
                                class="StyledProps--font StyledProps--main"
                              >
                                ID
                              </p>
                            </div>
                            <p
                              class="StyledProps--font StyledProps--main"
                            >
                              :
                            </p>
                            <span
                              class="bp3-popover-wrapper"
                            >
                              <span
                                class="bp3-popover-target"
                              >
                                <div
                                  class="bp3-editable-text InputWithIdentifier--idValue"
                                  tabindex="0"
                                >
                                  <span
                                    class="bp3-editable-text-content"
                                    style="height: 1px; line-height: 1px; min-width: 0;"
                                  >
                                    templatename
                                  </span>
                                </div>
                              </span>
                            </span>
                            <span
                              class="bp3-icon StyledProps--main"
                              data-icon="Edit"
                              style="vertical-align: middle; cursor: pointer;"
                            >
                              <svg
                                height="12"
                                viewBox="0 0 16 16"
                                width="12"
                                xmlns="http://www.w3.org/2000/svg"
                              >
                                <path
                                  clip-rule="evenodd"
                                  d="M11.207.485a.5.5 0 01.354-.146 3.5 3.5 0 013.5 3.5.5.5 0 01-.146.353l-11 11a.5.5 0 01-.354.147h-3a.5.5 0 01-.5-.5v-3a.5.5 0 01.146-.354l11-11zm.553.862L1.061 12.046v2.293h2.293l10.7-10.7a2.5 2.5 0 00-2.294-2.292z"
                                  fill="currentColor"
                                  fill-rule="evenodd"
                                />
                                <path
                                  clip-rule="evenodd"
                                  d="M11.89 2.646a.5.5 0 010 .708L8.353 6.889a.5.5 0 01-.708-.707l3.536-3.536a.5.5 0 01.707 0z"
                                  fill="currentColor"
                                  fill-rule="evenodd"
                                  opacity="0.3"
                                />
                              </svg>
                            </span>
                          </div>
                          <div
                            class="bp3-form-group"
                            data-id="name-0"
                          >
                            <label
                              class="bp3-label"
                              for="name"
                            >
                              <span
                                class="Tooltip--acenter"
                                data-tooltip-id="createStepTemplate_name"
                              >
                                name
                              </span>
                               
                              <span
                                class="bp3-text-muted"
                              />
                            </label>
                            <div
                              class="bp3-form-content"
                            >
                              <div
                                class="bp3-input-group"
                              >
                                <input
                                  autocomplete="off"
                                  class="bp3-input"
                                  name="name"
                                  type="text"
                                  value="templatename"
                                />
                              </div>
                            </div>
                          </div>
                        </div>
                        <div
                          class="StyledProps--font StyledProps--main"
                        >
                          <label
                            class="Label--main bp3-label descriptionLabel"
                            data-tooltip-id="createStepTemplate_description"
                          >
                            optionalField
                            <span
                              class="bp3-icon StyledProps--main editOpen"
                              data-icon="Edit"
                              data-name="edit"
                              data-testid="description-edit"
                            >
                              <svg
                                height="12"
                                viewBox="0 0 16 16"
                                width="12"
                                xmlns="http://www.w3.org/2000/svg"
                              >
                                <path
                                  clip-rule="evenodd"
                                  d="M11.207.485a.5.5 0 01.354-.146 3.5 3.5 0 013.5 3.5.5.5 0 01-.146.353l-11 11a.5.5 0 01-.354.147h-3a.5.5 0 01-.5-.5v-3a.5.5 0 01.146-.354l11-11zm.553.862L1.061 12.046v2.293h2.293l10.7-10.7a2.5 2.5 0 00-2.294-2.292z"
                                  fill="currentColor"
                                  fill-rule="evenodd"
                                />
                                <path
                                  clip-rule="evenodd"
                                  d="M11.89 2.646a.5.5 0 010 .708L8.353 6.889a.5.5 0 01-.708-.707l3.536-3.536a.5.5 0 01.707 0z"
                                  fill="currentColor"
                                  fill-rule="evenodd"
                                  opacity="0.3"
                                />
                              </svg>
                            </span>
                          </label>
                        </div>
                        <div
                          class="StyledProps--font StyledProps--main"
                        >
                          <label
                            class="Label--main bp3-label descriptionLabel"
                            data-tooltip-id="createStepTemplate_tags"
                          >
                            optionalField
                            <span
                              class="bp3-icon StyledProps--main editOpen"
                              data-icon="Edit"
                              data-name="edit"
                              data-testid="tags-edit"
                            >
                              <svg
                                height="12"
                                viewBox="0 0 16 16"
                                width="12"
                                xmlns="http://www.w3.org/2000/svg"
                              >
                                <path
                                  clip-rule="evenodd"
                                  d="M11.207.485a.5.5 0 01.354-.146 3.5 3.5 0 013.5 3.5.5.5 0 01-.146.353l-11 11a.5.5 0 01-.354.147h-3a.5.5 0 01-.5-.5v-3a.5.5 0 01.146-.354l11-11zm.553.862L1.061 12.046v2.293h2.293l10.7-10.7a2.5 2.5 0 00-2.294-2.292z"
                                  fill="currentColor"
                                  fill-rule="evenodd"
                                />
                                <path
                                  clip-rule="evenodd"
                                  d="M11.89 2.646a.5.5 0 010 .708L8.353 6.889a.5.5 0 01-.708-.707l3.536-3.536a.5.5 0 01.707 0z"
                                  fill="currentColor"
                                  fill-rule="evenodd"
                                  opacity="0.3"
                                />
                              </svg>
                            </span>
                          </label>
                        </div>
                      </div>
                      <div
                        class="bp3-form-group"
                        data-id="versionLabel-1"
                      >
                        <label
                          class="bp3-label"
                          for="versionLabel"
                        >
                          <span
                            class="Tooltip--acenter"
                            data-tooltip-id="createStepTemplate_versionLabel"
                          >
                            templatesLibrary.createNewModal.versionLabel
                          </span>
                           
                          <span
                            class="bp3-text-muted"
                          />
                        </label>
                        <div
                          class="bp3-form-content"
                        >
                          <div
                            class="bp3-input-group"
                          >
                            <input
                              autocomplete="off"
                              class="bp3-input"
                              name="versionLabel"
                              placeholder="templatesLibrary.createNewModal.versionPlaceholder"
                              type="text"
                              value="v1"
                            />
                          </div>
                        </div>
                      </div>
                    </div>
                  </div>
                </div>
              </div>
              <div
                class="StyledProps--font StyledProps--main"
              >
                <div
                  class="Layout--horizontal Layout--layout-spacing-small StyledProps--main StyledProps--flex StyledProps--flex-alignItems-flex-end StyledProps--flex-justifyContent-flex-start"
                >
                  <button
                    class="bp3-button Button--button StyledProps--font StyledProps--main Button--with-current-color Button--variation Button--variation-primary"
                    type="submit"
                  >
                    <span
                      class="bp3-button-text"
                    >
                      save
                    </span>
                  </button>
                  <button
                    class="bp3-button Button--button StyledProps--font StyledProps--main Button--with-current-color Button--variation Button--variation-tertiary"
                    type="button"
                  >
                    <span
                      class="bp3-button-text"
                    >
                      cancel
                    </span>
                  </button>
                </div>
              </div>
            </div>
          </div>
        </form>
      </div>
    </div>
    <div
      class="Layout--horizontal StyledProps--main preview StyledProps--flex StyledProps--flex-alignItems-center StyledProps--flex-justifyContent-center StyledProps--padding-top-huge StyledProps--padding-bottom-huge"
    >
      <div
        class="StyledProps--font StyledProps--main container"
      >
        <div
          class="bp3-card bp3-elevation-0 Card--card templateCard"
        >
          <div />
          <div
            class="StyledProps--font StyledProps--main StyledProps--margin-right-small"
          >
            <div
              class="Layout--horizontal Layout--layout-spacing-small StyledProps--main StyledProps--margin-bottom-small StyledProps--flex"
            >
              <span
                class="bp3-icon bp3-icon-disable StyledProps--main"
                icon="disable"
              >
                <svg
                  data-icon="disable"
                  height="24"
                  viewBox="0 0 20 20"
                  width="24"
                >
                  <desc>
                    disable
                  </desc>
                  <path
                    d="M10 0C4.48 0 0 4.48 0 10s4.48 10 10 10 10-4.48 10-10S15.52 0 10 0zM2 10c0-4.42 3.58-8 8-8 1.85 0 3.55.63 4.9 1.69L3.69 14.9A7.902 7.902 0 012 10zm8 8c-1.85 0-3.55-.63-4.9-1.69L16.31 5.1A7.902 7.902 0 0118 10c0 4.42-3.58 8-8 8z"
                    fill-rule="evenodd"
                  />
                </svg>
              </span>
            </div>
          </div>
          <div
            class="StyledProps--font StyledProps--main"
          >
            <p
              class="StyledProps--font Text--lineclamp StyledProps--main StyledProps--font-weight-semi-bold StyledProps--color StyledProps--color-grey800"
              data-testid="templatename"
              style="--text-line-clamp: 1;"
            >
              templatename
            </p>
            <p
              class="StyledProps--font Text--lineclamp StyledProps--main StyledProps--font-small StyledProps--color StyledProps--color-grey400 StyledProps--margin-top-xsmall"
              style="--text-line-clamp: 1;"
            >
              idLabel
            </p>
          </div>
          <div
            class="StyledProps--font StyledProps--main StyledProps--background-grey100"
            style="height: 1px;"
          />
          <div
            class="StyledProps--font StyledProps--main"
          >
            <span
              class="Tag--main"
            >
              <span
                class="bp3-tag version"
              >
                <span
                  class="bp3-text-overflow-ellipsis bp3-fill"
                >
                  v1
                </span>
              </span>
            </span>
          </div>
          <div
            class="StyledProps--font StyledProps--main StyledProps--flex StyledProps--flex-justifyContent-center StyledProps--padding-top-medium"
          >
            <div
              class="templateColor"
            >
              <div
                class="absolutePos"
              >
                <svg
                  fill="none"
                  height="18"
                  viewBox="0 0 121 18"
                  width="121"
                  xmlns="http://www.w3.org/2000/svg"
                >
                  <path
                    d="M10.6577 4.36758L0.989019 17.5H120.044L111.076 4.58226C109.301 2.02513 106.385 0.5 103.272 0.5H18.3079C15.288 0.5 12.4481 1.93575 10.6577 4.36758Z"
                    fill="#EADEFF"
                    stroke="#E1D0FF"
                  />
                </svg>
              </div>
              <p
                class="StyledProps--font StyledProps--main text absolutePos"
                style="color: rgb(89, 43, 170);"
              >
                STEP
              </p>
            </div>
          </div>
        </div>
      </div>
    </div>
    <button
      class="bp3-button Button--button StyledProps--font StyledProps--main closeIcon Button--with-current-color Button--iconOnly Button--withLeftIcon Button--variation Button--variation-icon"
      type="button"
    >
      <span
        class="bp3-icon bp3-icon-cross StyledProps--main StyledProps--color StyledProps--color-grey500"
        icon="cross"
      >
        <svg
          data-icon="cross"
          height="24"
          viewBox="0 0 20 20"
          width="24"
        >
          <desc>
            cross
          </desc>
          <path
            d="M11.41 10l4.29-4.29c.19-.18.3-.43.3-.71a1.003 1.003 0 00-1.71-.71L10 8.59l-4.29-4.3a1.003 1.003 0 00-1.42 1.42L8.59 10 4.3 14.29c-.19.18-.3.43-.3.71a1.003 1.003 0 001.71.71l4.29-4.3 4.29 4.29c.18.19.43.3.71.3a1.003 1.003 0 00.71-1.71L11.41 10z"
            fill-rule="evenodd"
          />
        </svg>
      </span>
    </button>
  </div>
</div>
`;
