// Jest Snapshot v1, https://goo.gl/fbAQLP

exports[`Unit tests for ExecutionVerificationView unit tests Ensure correct tabs are rendered via queryParams 1`] = `
<div>
  <div
    class="StyledProps--font StyledProps--main main"
  >
    <div
      class="summary"
    />
    <div
      class="bp3-tabs Tabs--main Tabs--horizontal"
    >
      <div
        class="bp3-tab-list"
        role="tablist"
      >
        <div
          class="bp3-tab-indicator-wrapper"
          style="height: 0px; transform: translateX(0px) translateY(0px); width: 0px;"
        >
          <div
            class="bp3-tab-indicator"
          />
        </div>
        <div
          aria-controls="bp3-tab-panel_AnalysisTypeTabs_pipeline.verification.analysisTab.metrics"
          aria-disabled="false"
          aria-expanded="false"
          aria-selected="false"
          class="bp3-tab"
          data-tab-id="pipeline.verification.analysisTab.metrics"
          id="bp3-tab-title_AnalysisTypeTabs_pipeline.verification.analysisTab.metrics"
          role="tab"
          tabindex="0"
        >
          pipeline.verification.analysisTab.metrics
        </div>
        <div
          aria-controls="bp3-tab-panel_AnalysisTypeTabs_pipeline.verification.analysisTab.logs"
          aria-disabled="false"
          aria-expanded="true"
          aria-selected="true"
          class="bp3-tab"
          data-tab-id="pipeline.verification.analysisTab.logs"
          id="bp3-tab-title_AnalysisTypeTabs_pipeline.verification.analysisTab.logs"
          role="tab"
          tabindex="0"
        >
          pipeline.verification.analysisTab.logs
        </div>
      </div>
      <div
        aria-hidden="false"
        aria-labelledby="bp3-tab-title_AnalysisTypeTabs_pipeline.verification.analysisTab.logs"
        class="bp3-tab-panel"
        id="bp3-tab-panel_AnalysisTypeTabs_pipeline.verification.analysisTab.logs"
        role="tabpanel"
      >
        <div
          class="LogAnalysisContainer"
        />
      </div>
    </div>
  </div>
</div>
`;

exports[`Unit tests for ExecutionVerificationView unit tests Ensure correct tabs are rendered via queryParams 2`] = `
<div>
  <div
    class="StyledProps--font StyledProps--main main"
  >
    <div
      class="summary"
    />
    <div
      class="bp3-tabs Tabs--main Tabs--horizontal"
    >
      <div
        class="bp3-tab-list"
        role="tablist"
      >
        <div
          class="bp3-tab-indicator-wrapper"
          style="height: 0px; transform: translateX(0px) translateY(0px); width: 0px;"
        >
          <div
            class="bp3-tab-indicator"
          />
        </div>
        <div
          aria-controls="bp3-tab-panel_AnalysisTypeTabs_pipeline.verification.analysisTab.metrics"
          aria-disabled="false"
          aria-expanded="true"
          aria-selected="true"
          class="bp3-tab"
          data-tab-id="pipeline.verification.analysisTab.metrics"
          id="bp3-tab-title_AnalysisTypeTabs_pipeline.verification.analysisTab.metrics"
          role="tab"
          tabindex="0"
        >
          pipeline.verification.analysisTab.metrics
        </div>
        <div
          aria-controls="bp3-tab-panel_AnalysisTypeTabs_pipeline.verification.analysisTab.logs"
          aria-disabled="false"
          aria-expanded="false"
          aria-selected="false"
          class="bp3-tab"
          data-tab-id="pipeline.verification.analysisTab.logs"
          id="bp3-tab-title_AnalysisTypeTabs_pipeline.verification.analysisTab.logs"
          role="tab"
          tabindex="0"
        >
          pipeline.verification.analysisTab.logs
        </div>
      </div>
      <div
        aria-hidden="false"
        aria-labelledby="bp3-tab-title_AnalysisTypeTabs_pipeline.verification.analysisTab.metrics"
        class="bp3-tab-panel"
        id="bp3-tab-panel_AnalysisTypeTabs_pipeline.verification.analysisTab.metrics"
        role="tabpanel"
      >
        <div
          class="deploymentMetrics"
        />
      </div>
    </div>
  </div>
</div>
`;

exports[`Unit tests for ExecutionVerificationView unit tests Ensure no analysis state is rendered when activity id does not exist 1`] = `
<div>
  <div
    class="StyledProps--font StyledProps--main main"
  >
    <div
      class="summary"
    />
    <div
      class="StyledProps--font StyledProps--main noAnalysis"
    >
      <div
        class="StyledProps--font StyledProps--main NoDataCard--noDataCard StyledProps--flex StyledProps--flex-align-center-center"
      >
        <div
          class="Layout--vertical Layout--layout-spacing-medium StyledProps--main"
          style="align-items: center; margin-top: -48px; width: 470px;"
        >
          <span
            class="bp3-icon bp3-icon-warning-sign StyledProps--main StyledProps--color StyledProps--color-grey600"
            icon="warning-sign"
          >
            <svg
              data-icon="warning-sign"
              height="48"
              viewBox="0 0 20 20"
              width="48"
            >
              <desc>
                warning-sign
              </desc>
              <path
                d="M19.86 17.52l.01-.01-9-16-.01.01C10.69 1.21 10.37 1 10 1s-.69.21-.86.52l-.01-.01-9 16 .01.01c-.08.14-.14.3-.14.48 0 .55.45 1 1 1h18c.55 0 1-.45 1-1 0-.18-.06-.34-.14-.48zM11 17H9v-2h2v2zm0-3H9V6h2v8z"
                fill-rule="evenodd"
              />
            </svg>
          </span>
          <p
            class="StyledProps--font StyledProps--main NoDataCard--message StyledProps--font-align-center StyledProps--color StyledProps--color-grey600"
          >
            pipeline.verification.logs.noAnalysis
          </p>
          <div
            class="NoDataCard--buttonContainer"
          />
        </div>
      </div>
    </div>
  </div>
</div>
`;

exports[`Unit tests for ExecutionVerificationView unit tests Ensure tabs are rendered 1`] = `
<div>
  <div
    class="StyledProps--font StyledProps--main main"
  >
    <div
      class="summary"
    />
    <div
      class="bp3-tabs Tabs--main Tabs--horizontal"
    >
      <div
        class="bp3-tab-list"
        role="tablist"
      >
        <div
          class="bp3-tab-indicator-wrapper"
          style="height: 0px; transform: translateX(0px) translateY(0px); width: 0px;"
        >
          <div
            class="bp3-tab-indicator"
          />
        </div>
        <div
          aria-controls="bp3-tab-panel_AnalysisTypeTabs_pipeline.verification.analysisTab.metrics"
          aria-disabled="false"
          aria-expanded="true"
          aria-selected="true"
          class="bp3-tab"
          data-tab-id="pipeline.verification.analysisTab.metrics"
          id="bp3-tab-title_AnalysisTypeTabs_pipeline.verification.analysisTab.metrics"
          role="tab"
          tabindex="0"
        >
          pipeline.verification.analysisTab.metrics
        </div>
        <div
          aria-controls="bp3-tab-panel_AnalysisTypeTabs_pipeline.verification.analysisTab.logs"
          aria-disabled="false"
          aria-expanded="false"
          aria-selected="false"
          class="bp3-tab"
          data-tab-id="pipeline.verification.analysisTab.logs"
          id="bp3-tab-title_AnalysisTypeTabs_pipeline.verification.analysisTab.logs"
          role="tab"
          tabindex="0"
        >
          pipeline.verification.analysisTab.logs
        </div>
      </div>
      <div
        aria-hidden="false"
        aria-labelledby="bp3-tab-title_AnalysisTypeTabs_pipeline.verification.analysisTab.metrics"
        class="bp3-tab-panel"
        id="bp3-tab-panel_AnalysisTypeTabs_pipeline.verification.analysisTab.metrics"
        role="tabpanel"
      >
        <div
          class="deploymentMetrics"
        />
      </div>
    </div>
  </div>
</div>
`;
