// Jest Snapshot v1, https://goo.gl/fbAQLP

exports[`Create Docker Step1Setup render data 1`] = `
<div>
  <div
    class="Layout--vertical StyledProps--main StyledProps--padding-xxlarge"
  >
    <div
      class="StyledProps--font StyledProps--main StyledProps--padding-small"
    >
      <div
        class="OverlaySpinner--overlaySpinner"
      >
        <form
          class="FormikForm--main"
        >
          <div>
            <div
              class="StyledProps--font StyledProps--main delegateForm"
            >
              <div
                class="Layout--horizontal StyledProps--main baseContainer"
              >
                <div
                  class="Layout--vertical StyledProps--main leftPanel"
                >
                  <div
                    class="formGroup"
                  >
                    <div
                      class="StyledProps--font StyledProps--main main"
                    >
                      <div
                        class="StyledProps--font StyledProps--main connectorFormNameWrapper"
                      >
                        <div
                          class="StyledProps--font StyledProps--main connectorFormNameElm"
                        >
                          <div
                            class="InputWithIdentifier--txtNameContainer TextInput--main"
                          >
                            <div
                              class="Layout--horizontal Layout--layout-spacing-xsmall StyledProps--main InputWithIdentifier--txtIdContainer"
                            >
                              <div
                                class="Text--withDocsTooltip"
                                data-tooltip-id="delegateSetupStepForm_identifier"
                              >
                                <p
                                  class="StyledProps--font StyledProps--main"
                                >
                                  ID
                                </p>
                              </div>
                              <p
                                class="StyledProps--font StyledProps--main"
                              >
                                :
                              </p>
                              <span
                                class="bp3-popover-wrapper"
                              >
                                <span
                                  class="bp3-popover-target"
                                >
                                  <div
                                    class="bp3-editable-text bp3-editable-text-placeholder InputWithIdentifier--idValue"
                                    tabindex="0"
                                  >
                                    <span
                                      class="bp3-editable-text-content"
                                      style="height: 1px; line-height: 1px; min-width: 0;"
                                    />
                                  </div>
                                </span>
                              </span>
                              <span
                                class="bp3-icon StyledProps--main"
                                data-icon="Edit"
                                style="vertical-align: middle; cursor: pointer;"
                              >
                                <svg
                                  height="12"
                                  viewBox="0 0 16 16"
                                  width="12"
                                  xmlns="http://www.w3.org/2000/svg"
                                >
                                  <path
                                    clip-rule="evenodd"
                                    d="M11.207.485a.5.5 0 01.354-.146 3.5 3.5 0 013.5 3.5.5.5 0 01-.146.353l-11 11a.5.5 0 01-.354.147h-3a.5.5 0 01-.5-.5v-3a.5.5 0 01.146-.354l11-11zm.553.862L1.061 12.046v2.293h2.293l10.7-10.7a2.5 2.5 0 00-2.294-2.292z"
                                    fill="currentColor"
                                    fill-rule="evenodd"
                                  />
                                  <path
                                    clip-rule="evenodd"
                                    d="M11.89 2.646a.5.5 0 010 .708L8.353 6.889a.5.5 0 01-.708-.707l3.536-3.536a.5.5 0 01.707 0z"
                                    fill="currentColor"
                                    fill-rule="evenodd"
                                    opacity="0.3"
                                  />
                                </svg>
                              </span>
                            </div>
                            <div
                              class="bp3-form-group"
                              data-id="name-0"
                            >
                              <label
                                class="bp3-label"
                                for="name"
                              >
                                <span
                                  class="Tooltip--acenter"
                                  data-tooltip-id="delegateSetupStepForm_name"
                                >
                                  delegate.delegateName
                                </span>
                                 
                                <span
                                  class="bp3-text-muted"
                                />
                              </label>
                              <div
                                class="bp3-form-content"
                              >
                                <div
                                  class="bp3-input-group"
                                >
                                  <input
                                    autocomplete="off"
                                    class="bp3-input"
                                    name="name"
                                    type="text"
                                    value=""
                                  />
                                </div>
                              </div>
                            </div>
                          </div>
                        </div>
                        <div
                          class="Layout--vertical Layout--layout-spacing-xsmall StyledProps--main"
                          style="justify-content: center;"
                        >
                          <p
                            class="StyledProps--font StyledProps--main fieldToggleLabel StyledProps--color StyledProps--color-primary7"
                          >
                            + Description
                          </p>
                        </div>
                      </div>
                      <div
                        class="StyledProps--font StyledProps--main connectorFormElm"
                      >
                        <div
                          class="bp3-form-group expandedTags"
                          data-id="tags-1"
                        >
                          <label
                            class="bp3-label"
                            for="tags"
                          >
                            <span
                              class="Tooltip--acenter"
                              data-tooltip-id="delegateSetupStepForm_tags"
                            >
                              <div
                                class="StyledProps--font StyledProps--main headerRow"
                              >
                                <span
                                  class="StyledProps--font StyledProps--main StyledProps--inline"
                                >
                                  Tags
                                </span>
                                <span
                                  class="StyledProps--font StyledProps--main fieldToggleLabel StyledProps--inline StyledProps--color StyledProps--color-primary7"
                                >
                                  removeLabel
                                </span>
                              </div>
                            </span>
                             
                            <span
                              class="bp3-text-muted"
                            />
                          </label>
                          <div
                            class="bp3-form-content"
                          >
                            <div
                              class="bp3-input bp3-tag-input"
                            >
                              <div
                                class="bp3-tag-input-values"
                              >
                                <input
                                  class="bp3-input-ghost"
                                  data-mentions="kv-tag-input-tags}"
                                  placeholder="Type and press enter to create a tag"
                                  value=""
                                />
                              </div>
                            </div>
                          </div>
                        </div>
                      </div>
                    </div>
                  </div>
                  <div
                    class="Layout--horizontal Layout--layout-spacing-small StyledProps--main tokensSelectContainer"
                  >
                    <div
                      class="bp3-form-group"
                      data-id="tokenName-2"
                    >
                      <label
                        class="bp3-label"
                        for="tokenName"
                      >
                        <span
                          class="Tooltip--acenter"
                          data-tooltip-id="delegateSetupStepForm_tokenName"
                        >
                          delegates.tokens.delegateTokens
                        </span>
                         
                        <span
                          class="bp3-text-muted"
                        />
                      </label>
                      <div
                        class="bp3-form-content"
                      >
                        <div
                          class="bp3-popover-wrapper Select--main bp3-fill"
                        >
                          <div
                            class="bp3-popover-target"
                          >
                            <div
                              class="bp3-input-group"
                            >
                              <input
                                autocomplete="off"
                                class="bp3-input"
                                name="tokenName"
                                placeholder="- Select -"
                                style="padding-right: 0px;"
                                type="text"
                                value=""
                              />
                              <span
                                class="bp3-input-action"
                              >
                                <span
                                  class="bp3-icon bp3-icon-chevron-down StyledProps--main StyledProps--padding-small"
                                  icon="chevron-down"
                                >
                                  <svg
                                    data-icon="chevron-down"
                                    height="14"
                                    viewBox="0 0 16 16"
                                    width="14"
                                  >
                                    <desc>
                                      chevron-down
                                    </desc>
                                    <path
                                      d="M12 5c-.28 0-.53.11-.71.29L8 8.59l-3.29-3.3a1.003 1.003 0 00-1.42 1.42l4 4c.18.18.43.29.71.29s.53-.11.71-.29l4-4A1.003 1.003 0 0012 5z"
                                      fill-rule="evenodd"
                                    />
                                  </svg>
                                </span>
                              </span>
                            </div>
                          </div>
                        </div>
                      </div>
                    </div>
                    <button
                      class="bp3-button bp3-minimal Button--button StyledProps--font StyledProps--main Button--with-current-color Button--without-shadow Button--withLeftIcon"
                      type="button"
                    >
                      <span
                        class="bp3-icon bp3-icon-plus StyledProps--main StyledProps--padding-right-xsmall"
                        icon="plus"
                      >
                        <svg
                          data-icon="plus"
                          height="16"
                          viewBox="0 0 16 16"
                          width="16"
                        >
                          <desc>
                            plus
                          </desc>
                          <path
                            d="M13 7H9V3c0-.55-.45-1-1-1s-1 .45-1 1v4H3c-.55 0-1 .45-1 1s.45 1 1 1h4v4c0 .55.45 1 1 1s1-.45 1-1V9h4c.55 0 1-.45 1-1s-.45-1-1-1z"
                            fill-rule="evenodd"
                          />
                        </svg>
                      </span>
                      <span
                        class="bp3-button-text"
                      >
                        add
                      </span>
                    </button>
                  </div>
                </div>
                <div
                  class="Layout--vertical StyledProps--main rightPanel"
                />
              </div>
            </div>
            <div
              class="Layout--horizontal StyledProps--main"
            >
              <button
                class="bp3-button Button--button StyledProps--font StyledProps--main StyledProps--margin-right-small Button--with-current-color Button--withLeftIcon"
                id="delegateSetupBackBtn"
                type="button"
              >
                <span
                  class="bp3-icon bp3-icon-chevron-left StyledProps--main StyledProps--padding-right-xsmall"
                  icon="chevron-left"
                >
                  <svg
                    data-icon="chevron-left"
                    height="16"
                    viewBox="0 0 16 16"
                    width="16"
                  >
                    <desc>
                      chevron-left
                    </desc>
                    <path
                      d="M7.41 8l3.29-3.29c.19-.18.3-.43.3-.71a1.003 1.003 0 00-1.71-.71l-4 4C5.11 7.47 5 7.72 5 8c0 .28.11.53.29.71l4 4a1.003 1.003 0 001.42-1.42L7.41 8z"
                      fill-rule="evenodd"
                    />
                  </svg>
                </span>
                <span
                  class="bp3-button-text"
                >
                  back
                </span>
              </button>
              <button
                class="bp3-button Button--button StyledProps--font StyledProps--main StyledProps--intent-primary Button--with-current-color Button--withRightIcon"
                type="submit"
              >
                <span
                  class="bp3-button-text"
                >
                  continue
                </span>
                <span
                  class="bp3-icon bp3-icon-chevron-right StyledProps--main"
                  icon="chevron-right"
                >
                  <svg
                    data-icon="chevron-right"
                    height="16"
                    viewBox="0 0 16 16"
                    width="16"
                  >
                    <desc>
                      chevron-right
                    </desc>
                    <path
                      d="M10.71 7.29l-4-4a1.003 1.003 0 00-1.42 1.42L8.59 8 5.3 11.29c-.19.18-.3.43-.3.71a1.003 1.003 0 001.71.71l4-4c.18-.18.29-.43.29-.71 0-.28-.11-.53-.29-.71z"
                      fill-rule="evenodd"
                    />
                  </svg>
                </span>
              </button>
            </div>
          </div>
        </form>
      </div>
    </div>
  </div>
</div>
`;
