// Jest Snapshot v1, https://goo.gl/fbAQLP

exports[`Create Docker Step2Script render component and go back 1`] = `
<div>
  <div
    class="Layout--horizontal StyledProps--main StyledProps--padding-top-small StyledProps--padding-left-xlarge StyledProps--padding-right-xlarge"
  >
    <div
      class="Layout--vertical Layout--layout-spacing-medium StyledProps--main"
    >
      <div>
        <div />
      </div>
      <div
        class="Layout--horizontal StyledProps--main StyledProps--padding-top-medium"
      >
        <button
          class="bp3-button bp3-outlined Button--button StyledProps--font StyledProps--main Button--with-current-color Button--withLeftIcon"
          id="stepReviewScriptDownloadButton"
          type="button"
        >
          <span
            class="bp3-icon bp3-icon-arrow-down StyledProps--main StyledProps--padding-right-xsmall"
            icon="arrow-down"
          >
            <svg
              data-icon="arrow-down"
              height="16"
              viewBox="0 0 16 16"
              width="16"
            >
              <desc>
                arrow-down
              </desc>
              <path
                d="M13 8c-.3 0-.5.1-.7.3L9 11.6V2c0-.5-.4-1-1-1s-1 .5-1 1v9.6L3.7 8.3C3.5 8.1 3.3 8 3 8c-.5 0-1 .5-1 1 0 .3.1.5.3.7l5 5c.2.2.4.3.7.3s.5-.1.7-.3l5-5c.2-.2.3-.4.3-.7 0-.6-.4-1-1-1z"
                fill-rule="evenodd"
              />
            </svg>
          </span>
          <span
            class="bp3-button-text"
          >
            delegates.downloadYAMLFile
          </span>
        </button>
      </div>
      <div
        class="Layout--horizontal Layout--layout-spacing-small StyledProps--main StyledProps--padding-top-medium"
      >
        <button
          class="bp3-button bp3-disabled bp3-loading Button--button StyledProps--font StyledProps--main Button--with-current-color Button--withLeftIcon"
          disabled=""
          id="stepReviewScriptBackButton"
          tabindex="-1"
          type="button"
        >
          <div
            class="bp3-spinner bp3-button-spinner"
          >
            <div
              class="bp3-spinner-animation"
            >
              <svg
                height="20"
                stroke-width="16.00"
                viewBox="-3.00 -3.00 106.00 106.00"
                width="20"
              >
                <path
                  class="bp3-spinner-track"
                  d="M 50,50 m 0,-45 a 45,45 0 1 1 0,90 a 45,45 0 1 1 0,-90"
                />
                <path
                  class="bp3-spinner-head"
                  d="M 50,50 m 0,-45 a 45,45 0 1 1 0,90 a 45,45 0 1 1 0,-90"
                  pathLength="280"
                  stroke-dasharray="280 280"
                  stroke-dashoffset="210"
                />
              </svg>
            </div>
          </div>
          <span
            class="bp3-icon bp3-icon-chevron-left StyledProps--main StyledProps--padding-right-xsmall"
            icon="chevron-left"
          >
            <svg
              data-icon="chevron-left"
              height="16"
              viewBox="0 0 16 16"
              width="16"
            >
              <desc>
                chevron-left
              </desc>
              <path
                d="M7.41 8l3.29-3.29c.19-.18.3-.43.3-.71a1.003 1.003 0 00-1.71-.71l-4 4C5.11 7.47 5 7.72 5 8c0 .28.11.53.29.71l4 4a1.003 1.003 0 001.42-1.42L7.41 8z"
                fill-rule="evenodd"
              />
            </svg>
          </span>
          <span
            class="bp3-button-text"
          >
            back
          </span>
        </button>
        <button
          class="bp3-button Button--button StyledProps--font StyledProps--main StyledProps--intent-primary Button--with-current-color Button--withRightIcon"
          id="stepReviewScriptContinueButton"
          type="submit"
        >
          <span
            class="bp3-button-text"
          >
            continue
          </span>
          <span
            class="bp3-icon bp3-icon-chevron-right StyledProps--main"
            icon="chevron-right"
          >
            <svg
              data-icon="chevron-right"
              height="16"
              viewBox="0 0 16 16"
              width="16"
            >
              <desc>
                chevron-right
              </desc>
              <path
                d="M10.71 7.29l-4-4a1.003 1.003 0 00-1.42 1.42L8.59 8 5.3 11.29c-.19.18-.3.43-.3.71a1.003 1.003 0 001.71.71l4-4c.18-.18.29-.43.29-.71 0-.28-.11-.53-.29-.71z"
                fill-rule="evenodd"
              />
            </svg>
          </span>
        </button>
      </div>
    </div>
    <div
      class="Layout--vertical StyledProps--main verticalDivider"
    >
      <hr />
    </div>
    <div
      class="Layout--vertical StyledProps--main"
    >
      <h2
        class="StyledProps--font StyledProps--font-h2 StyledProps--main StyledProps--margin-bottom-large StyledProps--color StyledProps--color-black"
        level="2"
      >
        delegates.delegateCreation.docker.verifyTitle
      </h2>
      <p
        class="StyledProps--font Text--lineclamp StyledProps--main StyledProps--font-normal StyledProps--margin-bottom-medium"
        style="--text-line-clamp: 2;"
      >
        delegates.delegateCreation.docker.verifyDesc1
      </p>
      <p
        class="StyledProps--font Text--lineclamp StyledProps--main StyledProps--margin-bottom-medium"
        style="--text-line-clamp: 2;"
      >
        delegates.delegateCreation.docker.verifyDesc2
      </p>
      <div
        class="Layout--horizontal Layout--layout-spacing-medium StyledProps--main"
      >
        <div
          class="StyledProps--font StyledProps--main verificationField StyledProps--intent-primary StyledProps--padding-small StyledProps--font-align-center StyledProps--flex"
        >
          <p
            class="StyledProps--font StyledProps--main StyledProps--margin-right-xxlarge StyledProps--font-small"
          >
            $ docker-compose -f docker-compose.yaml up -d
          </p>
          <span
            class="bp3-popover-wrapper"
          >
            <span
              class="bp3-popover-target"
            >
              <div
                class=""
                tabindex="0"
              >
                <span
                  class="bp3-icon StyledProps--main copyIcon"
                  data-icon="copy-alt"
                >
                  <svg
                    fill="none"
                    height="20"
                    viewBox="0 0 8 9"
                    width="20"
                    xmlns="http://www.w3.org/2000/svg"
                  >
                    <path
                      clip-rule="evenodd"
                      d="M7.273 1.403c0-.109-.073-.181-.182-.181H3.453c-.108 0-.181.072-.181.18v.181a.363.363 0 01-.727 0v-.361c0-.397.328-.722.728-.722h4c.4 0 .727.325.728.721v5.42a.726.726 0 01-.728.722h-1.09a.364.364 0 01-.365-.36c0-.2.165-.362.364-.362h.91c.108 0 .18-.072.18-.18V1.403zM0 7.847V2.958c0-.359.337-.652.748-.652h4.114c.411 0 .749.293.749.652v4.89c0 .359-.338.652-.749.652H.748C.337 8.5 0 8.207 0 7.847z"
                      fill="currentColor"
                      fill-rule="evenodd"
                    />
                  </svg>
                </span>
              </div>
            </span>
          </span>
        </div>
      </div>
    </div>
    <div
      class="dockerDetailsContainer"
      style="display: none;"
    >
      <h2
        class="StyledProps--font StyledProps--font-h2 StyledProps--main StyledProps--font-weight-bold StyledProps--color StyledProps--color-black StyledProps--margin-bottom-large"
        level="2"
      >
        delegates.delegateCreation.docker.scriptTitle
      </h2>
      <p
        class="StyledProps--font StyledProps--main StyledProps--margin-top-medium StyledProps--color StyledProps--color-black"
      >
        delegates.delegateCreation.docker.scriptText
      </p>
      <div
        class="Layout--horizontal Layout--layout-spacing-medium StyledProps--main"
      >
        <div
          class="StyledProps--font StyledProps--main verificationField StyledProps--intent-primary StyledProps--padding-small StyledProps--font-align-center StyledProps--flex"
        >
          <p
            class="StyledProps--font StyledProps--main StyledProps--margin-right-xxlarge StyledProps--font-small"
          >
            $ 
          </p>
          <span
            class="bp3-popover-wrapper"
          >
            <span
              class="bp3-popover-target"
            >
              <div
                class=""
                tabindex="0"
              >
                <span
                  class="bp3-icon StyledProps--main copyIcon"
                  data-icon="copy-alt"
                >
                  <svg
                    fill="none"
                    height="20"
                    viewBox="0 0 8 9"
                    width="20"
                    xmlns="http://www.w3.org/2000/svg"
                  >
                    <path
                      clip-rule="evenodd"
                      d="M7.273 1.403c0-.109-.073-.181-.182-.181H3.453c-.108 0-.181.072-.181.18v.181a.363.363 0 01-.727 0v-.361c0-.397.328-.722.728-.722h4c.4 0 .727.325.728.721v5.42a.726.726 0 01-.728.722h-1.09a.364.364 0 01-.365-.36c0-.2.165-.362.364-.362h.91c.108 0 .18-.072.18-.18V1.403zM0 7.847V2.958c0-.359.337-.652.748-.652h4.114c.411 0 .749.293.749.652v4.89c0 .359-.338.652-.749.652H.748C.337 8.5 0 8.207 0 7.847z"
                      fill="currentColor"
                      fill-rule="evenodd"
                    />
                  </svg>
                </span>
              </div>
            </span>
          </span>
        </div>
      </div>
      <p
        class="StyledProps--font StyledProps--main StyledProps--margin-top-medium StyledProps--color StyledProps--color-black"
      >
        delegates.delegateCreation.docker.scriptCommandGetIds
      </p>
      <div
        class="Layout--horizontal Layout--layout-spacing-medium StyledProps--main"
      >
        <div
          class="StyledProps--font StyledProps--main verificationField StyledProps--intent-primary StyledProps--padding-small StyledProps--font-align-center StyledProps--flex"
        >
          <p
            class="StyledProps--font StyledProps--main StyledProps--margin-right-xxlarge StyledProps--font-small"
          >
            $ docker ps
          </p>
          <span
            class="bp3-popover-wrapper"
          >
            <span
              class="bp3-popover-target"
            >
              <div
                class=""
                tabindex="0"
              >
                <span
                  class="bp3-icon StyledProps--main copyIcon"
                  data-icon="copy-alt"
                >
                  <svg
                    fill="none"
                    height="20"
                    viewBox="0 0 8 9"
                    width="20"
                    xmlns="http://www.w3.org/2000/svg"
                  >
                    <path
                      clip-rule="evenodd"
                      d="M7.273 1.403c0-.109-.073-.181-.182-.181H3.453c-.108 0-.181.072-.181.18v.181a.363.363 0 01-.727 0v-.361c0-.397.328-.722.728-.722h4c.4 0 .727.325.728.721v5.42a.726.726 0 01-.728.722h-1.09a.364.364 0 01-.365-.36c0-.2.165-.362.364-.362h.91c.108 0 .18-.072.18-.18V1.403zM0 7.847V2.958c0-.359.337-.652.748-.652h4.114c.411 0 .749.293.749.652v4.89c0 .359-.338.652-.749.652H.748C.337 8.5 0 8.207 0 7.847z"
                      fill="currentColor"
                      fill-rule="evenodd"
                    />
                  </svg>
                </span>
              </div>
            </span>
          </span>
        </div>
      </div>
      <p
        class="StyledProps--font StyledProps--main StyledProps--margin-top-medium StyledProps--color StyledProps--color-black"
      >
        delegates.delegateCreation.docker.scriptSeeLogs
      </p>
      <div
        class="Layout--horizontal Layout--layout-spacing-medium StyledProps--main"
      >
        <div
          class="StyledProps--font StyledProps--main verificationField StyledProps--intent-primary StyledProps--padding-small StyledProps--font-align-center StyledProps--flex"
        >
          <p
            class="StyledProps--font StyledProps--main StyledProps--margin-right-xxlarge StyledProps--font-small"
          >
            $ docker logs -f &lt;container-id&gt;
          </p>
          <span
            class="bp3-popover-wrapper"
          >
            <span
              class="bp3-popover-target"
            >
              <div
                class=""
                tabindex="0"
              >
                <span
                  class="bp3-icon StyledProps--main copyIcon"
                  data-icon="copy-alt"
                >
                  <svg
                    fill="none"
                    height="20"
                    viewBox="0 0 8 9"
                    width="20"
                    xmlns="http://www.w3.org/2000/svg"
                  >
                    <path
                      clip-rule="evenodd"
                      d="M7.273 1.403c0-.109-.073-.181-.182-.181H3.453c-.108 0-.181.072-.181.18v.181a.363.363 0 01-.727 0v-.361c0-.397.328-.722.728-.722h4c.4 0 .727.325.728.721v5.42a.726.726 0 01-.728.722h-1.09a.364.364 0 01-.365-.36c0-.2.165-.362.364-.362h.91c.108 0 .18-.072.18-.18V1.403zM0 7.847V2.958c0-.359.337-.652.748-.652h4.114c.411 0 .749.293.749.652v4.89c0 .359-.338.652-.749.652H.748C.337 8.5 0 8.207 0 7.847z"
                      fill="currentColor"
                      fill-rule="evenodd"
                    />
                  </svg>
                </span>
              </div>
            </span>
          </span>
        </div>
      </div>
      <p
        class="StyledProps--font StyledProps--main StyledProps--margin-top-medium StyledProps--color StyledProps--color-black"
      >
        delegates.delegateCreation.docker.scriptRunInShell
      </p>
      <div
        class="Layout--horizontal Layout--layout-spacing-medium StyledProps--main"
      >
        <div
          class="StyledProps--font StyledProps--main verificationField StyledProps--intent-primary StyledProps--padding-small StyledProps--font-align-center StyledProps--flex"
        >
          <p
            class="StyledProps--font StyledProps--main StyledProps--margin-right-xxlarge StyledProps--font-small"
          >
            $ docker container exec -it &lt;container-id&gt; bash
          </p>
          <span
            class="bp3-popover-wrapper"
          >
            <span
              class="bp3-popover-target"
            >
              <div
                class=""
                tabindex="0"
              >
                <span
                  class="bp3-icon StyledProps--main copyIcon"
                  data-icon="copy-alt"
                >
                  <svg
                    fill="none"
                    height="20"
                    viewBox="0 0 8 9"
                    width="20"
                    xmlns="http://www.w3.org/2000/svg"
                  >
                    <path
                      clip-rule="evenodd"
                      d="M7.273 1.403c0-.109-.073-.181-.182-.181H3.453c-.108 0-.181.072-.181.18v.181a.363.363 0 01-.727 0v-.361c0-.397.328-.722.728-.722h4c.4 0 .727.325.728.721v5.42a.726.726 0 01-.728.722h-1.09a.364.364 0 01-.365-.36c0-.2.165-.362.364-.362h.91c.108 0 .18-.072.18-.18V1.403zM0 7.847V2.958c0-.359.337-.652.748-.652h4.114c.411 0 .749.293.749.652v4.89c0 .359-.338.652-.749.652H.748C.337 8.5 0 8.207 0 7.847z"
                      fill="currentColor"
                      fill-rule="evenodd"
                    />
                  </svg>
                </span>
              </div>
            </span>
          </span>
        </div>
      </div>
      <p
        class="StyledProps--font StyledProps--main StyledProps--margin-top-xlarge StyledProps--color StyledProps--color-black"
      >
        delegates.delegateCreation.docker.docLinkBefore
        <a
          href="https://ngdocs.harness.io/article/5ww21ewdt8-configure-delegate-proxy-settings"
          rel="noreferrer"
          target="_blank"
        >
          delegates.delegateCreation.docker.docLink
        </a>
      </p>
    </div>
  </div>
  <a
    class="hide"
    target="_blank"
  />
</div>
`;
